
                           Design Compiler Graphical 
                                 DC Ultra (TM)
                                  DFTMAX (TM)
                              Power Compiler (TM)
                                 DesignWare (R)
                                 DC Expert (TM)
                               Design Vision (TM)
                               HDL Compiler (TM)
                               VHDL Compiler (TM)
                                  DFT Compiler
                               Design Compiler(R)

               Version S-2021.06-SP4 for linux64 - Nov 23, 2021 

                    Copyright (c) 1988 - 2021 Synopsys, Inc.
   This software and the associated documentation are proprietary to Synopsys,
 Inc. This software may only be used in accordance with the terms and conditions
 of a written license agreement with Synopsys, Inc. All other use, reproduction,
   or distribution of this software is strictly prohibited.  Licensed Products
     communicate with Synopsys servers for the purpose of providing software
    updates, detecting software piracy and verifying that customers are using
    Licensed Products in conformity with the applicable License Key for such
  Licensed Products. Synopsys will use information gathered in connection with
    this process to deliver software updates and pursue software pirates and
                                   infringers.

 Inclusivity & Diversity - Visit SolvNetPlus to read the "Synopsys Statement on
            Inclusivity and Diversity" (Refer to article 000036315 at
                        https://solvnetplus.synopsys.com)
Initializing...
# TCL script for Design Compiler
# Enable multicore functionality (caution: using this option may slow down optimization for smaller designs)
#set_host_options -max_cores 4
# Do not change this line
set top_level "total_gradient"
total_gradient
# Load common variables, artisan standard cells
source -verbose "../syn/common.syn.tcl"
/ids/kits/UMC28_Kit/v-logic_um28nchslogl30hdh140f/DesignWare_logic_libs/umc28nllh/30hd/hdh/svt/latest/liberty/ccs
/ids/tools/SYNOPSYS/syn/S-2021.06-SP4/
. /ids/kits/UMC28_Kit/v-logic_um28nchslogl30hdh140f/DesignWare_logic_libs/umc28nllh/30hd/hdh/svt/latest/liberty/ccs /ids/tools/SYNOPSYS/syn/S-2021.06-SP4//libraries/syn
* um28nchslogl30hdh140f_tt0p9v25c.db dw_foundation.sldb gtech.db standard.sldb
um28nchslogl30hdh140f_tt0p9v25c.db
# Set top level name
set dir_name "${top_level}"
total_gradient
# Read verilog files
read_verilog "../src/${top_level}.v"
Loading db file '/ids/kits/UMC28_Kit/v-logic_um28nchslogl30hdh140f/DesignWare_logic_libs/umc28nllh/30hd/hdh/svt/latest/liberty/ccs/um28nchslogl30hdh140f_tt0p9v25c.db'
Information: Using CCS timing libraries. (TIM-024)
Loading db file '/ids/tools/SYNOPSYS/syn/S-2021.06-SP4/libraries/syn/dw_foundation.sldb'
Loading db file '/ids/tools/SYNOPSYS/syn/S-2021.06-SP4/libraries/syn/gtech.db'
Loading db file '/ids/tools/SYNOPSYS/syn/S-2021.06-SP4/libraries/syn/standard.sldb'
  Loading link library 'um28nchslogl30hdh140f_tt0p9v25c'
  Loading link library 'gtech'
Loading verilog file '/home/hyukjun/Projects/MonoGS_HW/SLAM_Rasterizer/src/total_gradient.v'
Detecting input file type automatically (-rtl or -netlist).
Reading with Presto HDL Compiler (equivalent to -rtl option).
Running PRESTO HDLC
Compiling source file /home/hyukjun/Projects/MonoGS_HW/SLAM_Rasterizer/src/total_gradient.v

Inferred memory devices in process
	in routine total_gradient line 380 in file
		'/home/hyukjun/Projects/MonoGS_HW/SLAM_Rasterizer/src/total_gradient.v'.
==================================================================================
|     Register Name      |   Type    | Width | Bus | MB | AR | AS | SR | SS | ST |
==================================================================================
|    diff_color3_reg     | Flip-flop |  48   |  Y  | N  | N  | N  | N  | N  | N  |
|     dL_dconic_reg      | Flip-flop |  64   |  Y  | N  | N  | N  | N  | N  | N  |
| gradient_valid_out_reg | Flip-flop |   1   |  N  | N  | N  | N  | N  | N  | N  |
|    dL_dopacity_reg     | Flip-flop |  16   |  Y  | N  | N  | N  | N  | N  | N  |
|    diff_depth3_reg     | Flip-flop |  16   |  Y  | N  | N  | N  | N  | N  | N  |
|       alpha0_reg       | Flip-flop |  16   |  Y  | N  | N  | N  | N  | N  | N  |
|       alpha1_reg       | Flip-flop |  16   |  Y  | N  | N  | N  | N  | N  | N  |
|       alpha2_reg       | Flip-flop |  16   |  Y  | N  | N  | N  | N  | N  | N  |
|         T2_reg         | Flip-flop |  16   |  Y  | N  | N  | N  | N  | N  | N  |
|         T3_reg         | Flip-flop |  16   |  Y  | N  | N  | N  | N  | N  | N  |
|         T4_reg         | Flip-flop |  16   |  Y  | N  | N  | N  | N  | N  | N  |
|        One0_reg        | Flip-flop |  16   |  Y  | N  | N  | N  | N  | N  | N  |
|        One1_reg        | Flip-flop |  16   |  Y  | N  | N  | N  | N  | N  | N  |
|      i_valid0_reg      | Flip-flop |   1   |  N  | N  | N  | N  | N  | N  | N  |
|      i_valid1_reg      | Flip-flop |   1   |  N  | N  | N  | N  | N  | N  | N  |
|      i_valid2_reg      | Flip-flop |   1   |  N  | N  | N  | N  | N  | N  | N  |
|      i_valid3_reg      | Flip-flop |   1   |  N  | N  | N  | N  | N  | N  | N  |
|      i_valid4_reg      | Flip-flop |   1   |  N  | N  | N  | N  | N  | N  | N  |
|      i_valid5_reg      | Flip-flop |   1   |  N  | N  | N  | N  | N  | N  | N  |
|      i_valid6_reg      | Flip-flop |   1   |  N  | N  | N  | N  | N  | N  | N  |
|    last_alpha2_reg     | Flip-flop |  16   |  Y  | N  | N  | N  | N  | N  | N  |
|    last_depth2_reg     | Flip-flop |  16   |  Y  | N  | N  | N  | N  | N  | N  |
|    last_color2_reg     | Flip-flop |  48   |  Y  | N  | N  | N  | N  | N  | N  |
|     accum_rec2_reg     | Flip-flop |  48   |  Y  | N  | N  | N  | N  | N  | N  |
|  accum_rec_depth2_reg  | Flip-flop |  16   |  Y  | N  | N  | N  | N  | N  | N  |
|         G0_reg         | Flip-flop |  16   |  Y  | N  | N  | N  | N  | N  | N  |
|         G1_reg         | Flip-flop |  16   |  Y  | N  | N  | N  | N  | N  | N  |
|         G2_reg         | Flip-flop |  16   |  Y  | N  | N  | N  | N  | N  | N  |
|         G3_reg         | Flip-flop |  16   |  Y  | N  | N  | N  | N  | N  | N  |
|         G4_reg         | Flip-flop |  16   |  Y  | N  | N  | N  | N  | N  | N  |
|         G5_reg         | Flip-flop |  16   |  Y  | N  | N  | N  | N  | N  | N  |
|         d0_reg         | Flip-flop |  32   |  Y  | N  | N  | N  | N  | N  | N  |
|         d1_reg         | Flip-flop |  32   |  Y  | N  | N  | N  | N  | N  | N  |
|         W0_reg         | Flip-flop |  12   |  Y  | N  | N  | N  | N  | N  | N  |
|         H0_reg         | Flip-flop |  12   |  Y  | N  | N  | N  | N  | N  | N  |
|   conic_opacity0_reg   | Flip-flop |  64   |  Y  | N  | N  | N  | N  | N  | N  |
|   conic_opacity1_reg   | Flip-flop |  64   |  Y  | N  | N  | N  | N  | N  | N  |
|   conic_opacity2_reg   | Flip-flop |  16   |  Y  | N  | N  | N  | N  | N  | N  |
|   conic_opacity3_reg   | Flip-flop |  16   |  Y  | N  | N  | N  | N  | N  | N  |
|   conic_opacity4_reg   | Flip-flop |  16   |  Y  | N  | N  | N  | N  | N  | N  |
|   conic_opacity5_reg   | Flip-flop |  16   |  Y  | N  | N  | N  | N  | N  | N  |
|  gaussian_color0_reg   | Flip-flop |  48   |  Y  | N  | N  | N  | N  | N  | N  |
|  gaussian_color1_reg   | Flip-flop |  48   |  Y  | N  | N  | N  | N  | N  | N  |
|  gaussian_color2_reg   | Flip-flop |  48   |  Y  | N  | N  | N  | N  | N  | N  |
|  gaussian_depth0_reg   | Flip-flop |  16   |  Y  | N  | N  | N  | N  | N  | N  |
|  gaussian_depth1_reg   | Flip-flop |  16   |  Y  | N  | N  | N  | N  | N  | N  |
|  gaussian_depth2_reg   | Flip-flop |  16   |  Y  | N  | N  | N  | N  | N  | N  |
|     dL_dpixel0_reg     | Flip-flop |  48   |  Y  | N  | N  | N  | N  | N  | N  |
|     dL_dpixel1_reg     | Flip-flop |  48   |  Y  | N  | N  | N  | N  | N  | N  |
|     dL_dpixel2_reg     | Flip-flop |  48   |  Y  | N  | N  | N  | N  | N  | N  |
|     dL_dpixel3_reg     | Flip-flop |  48   |  Y  | N  | N  | N  | N  | N  | N  |
|  dL_dpixel_depth0_reg  | Flip-flop |  16   |  Y  | N  | N  | N  | N  | N  | N  |
|  dL_dpixel_depth1_reg  | Flip-flop |  16   |  Y  | N  | N  | N  | N  | N  | N  |
|  dL_dpixel_depth2_reg  | Flip-flop |  16   |  Y  | N  | N  | N  | N  | N  | N  |
|  dL_dpixel_depth3_reg  | Flip-flop |  16   |  Y  | N  | N  | N  | N  | N  | N  |
|  dchannel_dcolor3_reg  | Flip-flop |  16   |  Y  | N  | N  | N  | N  | N  | N  |
|     dL_dalpha5_reg     | Flip-flop |  16   |  Y  | N  | N  | N  | N  | N  | N  |
|     dL_dcolor4_reg     | Flip-flop |  48   |  Y  | N  | N  | N  | N  | N  | N  |
|     dL_dcolor5_reg     | Flip-flop |  48   |  Y  | N  | N  | N  | N  | N  | N  |
|     dL_dcolor6_reg     | Flip-flop |  48   |  Y  | N  | N  | N  | N  | N  | N  |
|     dL_ddepth4_reg     | Flip-flop |  16   |  Y  | N  | N  | N  | N  | N  | N  |
|     dL_ddepth5_reg     | Flip-flop |  16   |  Y  | N  | N  | N  | N  | N  | N  |
|     dL_ddepth6_reg     | Flip-flop |  16   |  Y  | N  | N  | N  | N  | N  | N  |
|  One_minus_alpha1_reg  | Flip-flop |  16   |  Y  | N  | N  | N  | N  | N  | N  |
|        gdx1_reg        | Flip-flop |  16   |  Y  | N  | N  | N  | N  | N  | N  |
|        gdy1_reg        | Flip-flop |  16   |  Y  | N  | N  | N  | N  | N  | N  |
|     ddelx_dx1_reg      | Flip-flop |  16   |  Y  | N  | N  | N  | N  | N  | N  |
|     ddelx_dx2_reg      | Flip-flop |  16   |  Y  | N  | N  | N  | N  | N  | N  |
|     ddely_dy1_reg      | Flip-flop |  16   |  Y  | N  | N  | N  | N  | N  | N  |
|     ddely_dy2_reg      | Flip-flop |  16   |  Y  | N  | N  | N  | N  | N  | N  |
|     dG_ddelx2_reg      | Flip-flop |  16   |  Y  | N  | N  | N  | N  | N  | N  |
|     dG_ddely2_reg      | Flip-flop |  16   |  Y  | N  | N  | N  | N  | N  | N  |
|      d_x_gdx2_reg      | Flip-flop |  16   |  Y  | N  | N  | N  | N  | N  | N  |
|      d_x_gdx3_reg      | Flip-flop |  16   |  Y  | N  | N  | N  | N  | N  | N  |
|      d_x_gdx4_reg      | Flip-flop |  16   |  Y  | N  | N  | N  | N  | N  | N  |
|      d_x_gdx5_reg      | Flip-flop |  16   |  Y  | N  | N  | N  | N  | N  | N  |
|      d_x_gdx6_reg      | Flip-flop |  16   |  Y  | N  | N  | N  | N  | N  | N  |
|      d_y_gdx2_reg      | Flip-flop |  16   |  Y  | N  | N  | N  | N  | N  | N  |
|      d_y_gdx3_reg      | Flip-flop |  16   |  Y  | N  | N  | N  | N  | N  | N  |
|      d_y_gdx4_reg      | Flip-flop |  16   |  Y  | N  | N  | N  | N  | N  | N  |
|      d_y_gdx5_reg      | Flip-flop |  16   |  Y  | N  | N  | N  | N  | N  | N  |
|      d_y_gdx6_reg      | Flip-flop |  16   |  Y  | N  | N  | N  | N  | N  | N  |
|      d_y_gdy2_reg      | Flip-flop |  16   |  Y  | N  | N  | N  | N  | N  | N  |
|      d_y_gdy3_reg      | Flip-flop |  16   |  Y  | N  | N  | N  | N  | N  | N  |
|      d_y_gdy4_reg      | Flip-flop |  16   |  Y  | N  | N  | N  | N  | N  | N  |
|      d_y_gdy5_reg      | Flip-flop |  16   |  Y  | N  | N  | N  | N  | N  | N  |
|      d_y_gdy6_reg      | Flip-flop |  16   |  Y  | N  | N  | N  | N  | N  | N  |
|       dG_dx3_reg       | Flip-flop |  16   |  Y  | N  | N  | N  | N  | N  | N  |
|       dG_dx4_reg       | Flip-flop |  16   |  Y  | N  | N  | N  | N  | N  | N  |
|       dG_dx5_reg       | Flip-flop |  16   |  Y  | N  | N  | N  | N  | N  | N  |
|       dG_dx6_reg       | Flip-flop |  16   |  Y  | N  | N  | N  | N  | N  | N  |
|       dG_dy3_reg       | Flip-flop |  16   |  Y  | N  | N  | N  | N  | N  | N  |
|       dG_dy4_reg       | Flip-flop |  16   |  Y  | N  | N  | N  | N  | N  | N  |
|       dG_dy5_reg       | Flip-flop |  16   |  Y  | N  | N  | N  | N  | N  | N  |
|       dG_dy6_reg       | Flip-flop |  16   |  Y  | N  | N  | N  | N  | N  | N  |
|  dL_dalpha_added4_reg  | Flip-flop |  16   |  Y  | N  | N  | N  | N  | N  | N  |
|       dL_dG6_reg       | Flip-flop |  16   |  Y  | N  | N  | N  | N  | N  | N  |
|    dL_dopacity6_reg    | Flip-flop |  16   |  Y  | N  | N  | N  | N  | N  | N  |
|   T1_first_valid_reg   | Flip-flop |   1   |  N  | N  | N  | N  | N  | N  | N  |
|      T1_first_reg      | Flip-flop |  16   |  Y  | N  | N  | N  | N  | N  | N  |
|     dL_dcolor_reg      | Flip-flop |  48   |  Y  | N  | N  | N  | N  | N  | N  |
|     dL_ddepth_reg      | Flip-flop |  16   |  Y  | N  | N  | N  | N  | N  | N  |
|     dL_dmean2D_reg     | Flip-flop |  32   |  Y  | N  | N  | N  | N  | N  | N  |
==================================================================================
Presto compilation completed successfully.
Current design is now '/home/hyukjun/Projects/MonoGS_HW/SLAM_Rasterizer/src/total_gradient.db:total_gradient'
Loaded 1 design.
Current design is 'total_gradient'.
total_gradient
# read_verilog "../src/skip_and_alpha.v"
# read_verilog "../src/gradient_depth_color.v"
# read_verilog "../src/gradient_gaussians.v"
list_designs
total_gradient (*)
1
current_design $top_level
Current design is 'total_gradient'.
{total_gradient}
# Clock period
# set clk_period 1
set clk_period [expr double($::env(clk_time))]
1.25
# clk_period (ns) 1 = 1G, 1.25 = 800M, 2.5 = 400M, 5 = 200M
set clk_uncertainty 0.1
0.1
set clk_transition 0.1
0.1
# Create real clock if clock port is found
if {[sizeof_collection [get_ports clk]] > 0} {
  set clk_name "clk"
  set clk_port "clk"
  #If no waveform is specified, 50% duty cycle is assumed
  create_clock -name $clk_name -period $clk_period [get_ports $clk_port] 
  set_drive 0 [get_clocks $clk_name] 
}
1
set_operating_conditions "TT0P9V25C" -library "um28nchslogl30hdh140f_tt0p9v25c" 
Using operating conditions 'TT0P9V25C' found in library 'um28nchslogl30hdh140f_tt0p9v25c'.
1
set_wire_load_selection_group "um28nchslogl30hdh140f" -library "um28nchslogl30hdh140f_tt0p9v25c" 
1
set min_input_delay 0.1
0.1
set max_input_delay 0.5
0.5
set typical_input_transition 0.1
0.1
set min_output_delay 0.1
0.1
set max_output_delay 0.5
0.5
set typical_output_load 0.010 
0.010
# Link the design
link

  Linking design 'total_gradient'
  Using the following designs and libraries:
  --------------------------------------------------------------------------
  total_gradient              /home/hyukjun/Projects/MonoGS_HW/SLAM_Rasterizer/src/total_gradient.db
  um28nchslogl30hdh140f_tt0p9v25c (library) /ids/kits/UMC28_Kit/v-logic_um28nchslogl30hdh140f/DesignWare_logic_libs/umc28nllh/30hd/hdh/svt/latest/liberty/ccs/um28nchslogl30hdh140f_tt0p9v25c.db
  dw_foundation.sldb (library) /ids/tools/SYNOPSYS/syn/S-2021.06-SP4/libraries/syn/dw_foundation.sldb

1
# Set maximum fanout of gates
set_max_fanout 16 $top_level 
1
# Configure the clock network
set_fix_hold [all_clocks] 
1
set_dont_touch_network $clk_port 
1
# Set delays and transitions
#set_driving_cell -lib_cell INVD32BWP12T50M1P [all_inputs]
set_input_transition $typical_input_transition [all_inputs]
1
set_input_delay $min_input_delay -min [all_inputs] -clock $clk_name 
1
set_input_delay $max_input_delay -max [all_inputs] -clock $clk_name 
1
remove_input_delay -clock $clk_name [find port $clk_port]
1
set_output_delay $min_output_delay -min [all_outputs] -clock $clk_name 
1
set_output_delay $max_output_delay -max [all_outputs] -clock $clk_name 
1
set_clock_uncertainty $clk_uncertainty [get_clocks $clk_name]
1
#Propagated clock used for gated clocks only
#set_propagated_clock [get_clocks $clk_name]
set_clock_transition $clk_transition [get_clocks $clk_name]
1
# Set max delay for async reset path
#set_max_delay [expr $clk_period/2] -from reset
# Set loading of outputs 
set_load $typical_output_load [all_outputs] 
1
# Verify the design
check_design
 
****************************************
check_design summary:
Version:     S-2021.06-SP4
Date:        Wed Oct 16 13:59:01 2024
****************************************

                   Name                                            Total
--------------------------------------------------------------------------------
Inputs/Outputs                                                      2
    Unconnected ports (LINT-28)                                     2

Nets                                                              304
    Unloaded nets (LINT-2)                                        296
    Net type is unknown (LINT-38)                                   8
--------------------------------------------------------------------------------

Warning: In design 'total_gradient', net 'status_inst[37][0]' driven by pin 'dL_dalpha_adder/status_0' has no loads. (LINT-2)
Warning: In design 'total_gradient', net 'status_inst[37][1]' driven by pin 'dL_dalpha_adder/status_1' has no loads. (LINT-2)
Warning: In design 'total_gradient', net 'status_inst[37][2]' driven by pin 'dL_dalpha_adder/status_2' has no loads. (LINT-2)
Warning: In design 'total_gradient', net 'status_inst[37][3]' driven by pin 'dL_dalpha_adder/status_3' has no loads. (LINT-2)
Warning: In design 'total_gradient', net 'status_inst[37][4]' driven by pin 'dL_dalpha_adder/status_4' has no loads. (LINT-2)
Warning: In design 'total_gradient', net 'status_inst[37][5]' driven by pin 'dL_dalpha_adder/status_5' has no loads. (LINT-2)
Warning: In design 'total_gradient', net 'status_inst[37][6]' driven by pin 'dL_dalpha_adder/status_6' has no loads. (LINT-2)
Warning: In design 'total_gradient', net 'status_inst[37][7]' driven by pin 'dL_dalpha_adder/status_7' has no loads. (LINT-2)
Warning: In design 'total_gradient', net 'status_inst[36][0]' driven by pin 'dL_dalpha_maker2/status_0' has no loads. (LINT-2)
Warning: In design 'total_gradient', net 'status_inst[36][1]' driven by pin 'dL_dalpha_maker2/status_1' has no loads. (LINT-2)
Warning: In design 'total_gradient', net 'status_inst[36][2]' driven by pin 'dL_dalpha_maker2/status_2' has no loads. (LINT-2)
Warning: In design 'total_gradient', net 'status_inst[36][3]' driven by pin 'dL_dalpha_maker2/status_3' has no loads. (LINT-2)
Warning: In design 'total_gradient', net 'status_inst[36][4]' driven by pin 'dL_dalpha_maker2/status_4' has no loads. (LINT-2)
Warning: In design 'total_gradient', net 'status_inst[36][5]' driven by pin 'dL_dalpha_maker2/status_5' has no loads. (LINT-2)
Warning: In design 'total_gradient', net 'status_inst[36][6]' driven by pin 'dL_dalpha_maker2/status_6' has no loads. (LINT-2)
Warning: In design 'total_gradient', net 'status_inst[36][7]' driven by pin 'dL_dalpha_maker2/status_7' has no loads. (LINT-2)
Warning: In design 'total_gradient', net 'status_inst[35][0]' driven by pin 'dL_dconic_w_maker/status_0' has no loads. (LINT-2)
Warning: In design 'total_gradient', net 'status_inst[35][1]' driven by pin 'dL_dconic_w_maker/status_1' has no loads. (LINT-2)
Warning: In design 'total_gradient', net 'status_inst[35][2]' driven by pin 'dL_dconic_w_maker/status_2' has no loads. (LINT-2)
Warning: In design 'total_gradient', net 'status_inst[35][3]' driven by pin 'dL_dconic_w_maker/status_3' has no loads. (LINT-2)
Warning: In design 'total_gradient', net 'status_inst[35][4]' driven by pin 'dL_dconic_w_maker/status_4' has no loads. (LINT-2)
Warning: In design 'total_gradient', net 'status_inst[35][5]' driven by pin 'dL_dconic_w_maker/status_5' has no loads. (LINT-2)
Warning: In design 'total_gradient', net 'status_inst[35][6]' driven by pin 'dL_dconic_w_maker/status_6' has no loads. (LINT-2)
Warning: In design 'total_gradient', net 'status_inst[35][7]' driven by pin 'dL_dconic_w_maker/status_7' has no loads. (LINT-2)
Warning: In design 'total_gradient', net 'status_inst[34][0]' driven by pin 'dL_dconic_y_maker/status_0' has no loads. (LINT-2)
Warning: In design 'total_gradient', net 'status_inst[34][1]' driven by pin 'dL_dconic_y_maker/status_1' has no loads. (LINT-2)
Warning: In design 'total_gradient', net 'status_inst[34][2]' driven by pin 'dL_dconic_y_maker/status_2' has no loads. (LINT-2)
Warning: In design 'total_gradient', net 'status_inst[34][3]' driven by pin 'dL_dconic_y_maker/status_3' has no loads. (LINT-2)
Warning: In design 'total_gradient', net 'status_inst[34][4]' driven by pin 'dL_dconic_y_maker/status_4' has no loads. (LINT-2)
Warning: In design 'total_gradient', net 'status_inst[34][5]' driven by pin 'dL_dconic_y_maker/status_5' has no loads. (LINT-2)
Warning: In design 'total_gradient', net 'status_inst[34][6]' driven by pin 'dL_dconic_y_maker/status_6' has no loads. (LINT-2)
Warning: In design 'total_gradient', net 'status_inst[34][7]' driven by pin 'dL_dconic_y_maker/status_7' has no loads. (LINT-2)
Warning: In design 'total_gradient', net 'status_inst[33][0]' driven by pin 'dL_dconic_x_maker/status_0' has no loads. (LINT-2)
Warning: In design 'total_gradient', net 'status_inst[33][1]' driven by pin 'dL_dconic_x_maker/status_1' has no loads. (LINT-2)
Warning: In design 'total_gradient', net 'status_inst[33][2]' driven by pin 'dL_dconic_x_maker/status_2' has no loads. (LINT-2)
Warning: In design 'total_gradient', net 'status_inst[33][3]' driven by pin 'dL_dconic_x_maker/status_3' has no loads. (LINT-2)
Warning: In design 'total_gradient', net 'status_inst[33][4]' driven by pin 'dL_dconic_x_maker/status_4' has no loads. (LINT-2)
Warning: In design 'total_gradient', net 'status_inst[33][5]' driven by pin 'dL_dconic_x_maker/status_5' has no loads. (LINT-2)
Warning: In design 'total_gradient', net 'status_inst[33][6]' driven by pin 'dL_dconic_x_maker/status_6' has no loads. (LINT-2)
Warning: In design 'total_gradient', net 'status_inst[33][7]' driven by pin 'dL_dconic_x_maker/status_7' has no loads. (LINT-2)
Warning: In design 'total_gradient', net 'status_inst[32][0]' driven by pin 'dL_dmean2D_y_maker/status_0' has no loads. (LINT-2)
Warning: In design 'total_gradient', net 'status_inst[32][1]' driven by pin 'dL_dmean2D_y_maker/status_1' has no loads. (LINT-2)
Warning: In design 'total_gradient', net 'status_inst[32][2]' driven by pin 'dL_dmean2D_y_maker/status_2' has no loads. (LINT-2)
Warning: In design 'total_gradient', net 'status_inst[32][3]' driven by pin 'dL_dmean2D_y_maker/status_3' has no loads. (LINT-2)
Warning: In design 'total_gradient', net 'status_inst[32][4]' driven by pin 'dL_dmean2D_y_maker/status_4' has no loads. (LINT-2)
Warning: In design 'total_gradient', net 'status_inst[32][5]' driven by pin 'dL_dmean2D_y_maker/status_5' has no loads. (LINT-2)
Warning: In design 'total_gradient', net 'status_inst[32][6]' driven by pin 'dL_dmean2D_y_maker/status_6' has no loads. (LINT-2)
Warning: In design 'total_gradient', net 'status_inst[32][7]' driven by pin 'dL_dmean2D_y_maker/status_7' has no loads. (LINT-2)
Warning: In design 'total_gradient', net 'status_inst[31][0]' driven by pin 'dL_dmean2D_x_maker/status_0' has no loads. (LINT-2)
Warning: In design 'total_gradient', net 'status_inst[31][1]' driven by pin 'dL_dmean2D_x_maker/status_1' has no loads. (LINT-2)
Warning: In design 'total_gradient', net 'status_inst[31][2]' driven by pin 'dL_dmean2D_x_maker/status_2' has no loads. (LINT-2)
Warning: In design 'total_gradient', net 'status_inst[31][3]' driven by pin 'dL_dmean2D_x_maker/status_3' has no loads. (LINT-2)
Warning: In design 'total_gradient', net 'status_inst[31][4]' driven by pin 'dL_dmean2D_x_maker/status_4' has no loads. (LINT-2)
Warning: In design 'total_gradient', net 'status_inst[31][5]' driven by pin 'dL_dmean2D_x_maker/status_5' has no loads. (LINT-2)
Warning: In design 'total_gradient', net 'status_inst[31][6]' driven by pin 'dL_dmean2D_x_maker/status_6' has no loads. (LINT-2)
Warning: In design 'total_gradient', net 'status_inst[31][7]' driven by pin 'dL_dmean2D_x_maker/status_7' has no loads. (LINT-2)
Warning: In design 'total_gradient', net 'status_inst[30][0]' driven by pin 'dL_dopacity_maker/status_0' has no loads. (LINT-2)
Warning: In design 'total_gradient', net 'status_inst[30][1]' driven by pin 'dL_dopacity_maker/status_1' has no loads. (LINT-2)
Warning: In design 'total_gradient', net 'status_inst[30][2]' driven by pin 'dL_dopacity_maker/status_2' has no loads. (LINT-2)
Warning: In design 'total_gradient', net 'status_inst[30][3]' driven by pin 'dL_dopacity_maker/status_3' has no loads. (LINT-2)
Warning: In design 'total_gradient', net 'status_inst[30][4]' driven by pin 'dL_dopacity_maker/status_4' has no loads. (LINT-2)
Warning: In design 'total_gradient', net 'status_inst[30][5]' driven by pin 'dL_dopacity_maker/status_5' has no loads. (LINT-2)
Warning: In design 'total_gradient', net 'status_inst[30][6]' driven by pin 'dL_dopacity_maker/status_6' has no loads. (LINT-2)
Warning: In design 'total_gradient', net 'status_inst[30][7]' driven by pin 'dL_dopacity_maker/status_7' has no loads. (LINT-2)
Warning: In design 'total_gradient', net 'status_inst[29][0]' driven by pin 'dL_dG_maker/status_0' has no loads. (LINT-2)
Warning: In design 'total_gradient', net 'status_inst[29][1]' driven by pin 'dL_dG_maker/status_1' has no loads. (LINT-2)
Warning: In design 'total_gradient', net 'status_inst[29][2]' driven by pin 'dL_dG_maker/status_2' has no loads. (LINT-2)
Warning: In design 'total_gradient', net 'status_inst[29][3]' driven by pin 'dL_dG_maker/status_3' has no loads. (LINT-2)
Warning: In design 'total_gradient', net 'status_inst[29][4]' driven by pin 'dL_dG_maker/status_4' has no loads. (LINT-2)
Warning: In design 'total_gradient', net 'status_inst[29][5]' driven by pin 'dL_dG_maker/status_5' has no loads. (LINT-2)
Warning: In design 'total_gradient', net 'status_inst[29][6]' driven by pin 'dL_dG_maker/status_6' has no loads. (LINT-2)
Warning: In design 'total_gradient', net 'status_inst[29][7]' driven by pin 'dL_dG_maker/status_7' has no loads. (LINT-2)
Warning: In design 'total_gradient', net 'status_inst[28][0]' driven by pin 'dL_dalpha_maker_from_T/status_0' has no loads. (LINT-2)
Warning: In design 'total_gradient', net 'status_inst[28][1]' driven by pin 'dL_dalpha_maker_from_T/status_1' has no loads. (LINT-2)
Warning: In design 'total_gradient', net 'status_inst[28][2]' driven by pin 'dL_dalpha_maker_from_T/status_2' has no loads. (LINT-2)
Warning: In design 'total_gradient', net 'status_inst[28][3]' driven by pin 'dL_dalpha_maker_from_T/status_3' has no loads. (LINT-2)
Warning: In design 'total_gradient', net 'status_inst[28][4]' driven by pin 'dL_dalpha_maker_from_T/status_4' has no loads. (LINT-2)
Warning: In design 'total_gradient', net 'status_inst[28][5]' driven by pin 'dL_dalpha_maker_from_T/status_5' has no loads. (LINT-2)
Warning: In design 'total_gradient', net 'status_inst[28][6]' driven by pin 'dL_dalpha_maker_from_T/status_6' has no loads. (LINT-2)
Warning: In design 'total_gradient', net 'status_inst[28][7]' driven by pin 'dL_dalpha_maker_from_T/status_7' has no loads. (LINT-2)
Warning: In design 'total_gradient', net 'status_inst[27][0]' driven by pin 'dL_ddepth_maker/status_0' has no loads. (LINT-2)
Warning: In design 'total_gradient', net 'status_inst[27][1]' driven by pin 'dL_ddepth_maker/status_1' has no loads. (LINT-2)
Warning: In design 'total_gradient', net 'status_inst[27][2]' driven by pin 'dL_ddepth_maker/status_2' has no loads. (LINT-2)
Warning: In design 'total_gradient', net 'status_inst[27][3]' driven by pin 'dL_ddepth_maker/status_3' has no loads. (LINT-2)
Warning: In design 'total_gradient', net 'status_inst[27][4]' driven by pin 'dL_ddepth_maker/status_4' has no loads. (LINT-2)
Warning: In design 'total_gradient', net 'status_inst[27][5]' driven by pin 'dL_ddepth_maker/status_5' has no loads. (LINT-2)
Warning: In design 'total_gradient', net 'status_inst[27][6]' driven by pin 'dL_ddepth_maker/status_6' has no loads. (LINT-2)
Warning: In design 'total_gradient', net 'status_inst[27][7]' driven by pin 'dL_ddepth_maker/status_7' has no loads. (LINT-2)
Warning: In design 'total_gradient', net 'status_inst[26][0]' driven by pin 'dL_dcolor_temp_B/status_0' has no loads. (LINT-2)
Warning: In design 'total_gradient', net 'status_inst[26][1]' driven by pin 'dL_dcolor_temp_B/status_1' has no loads. (LINT-2)
Warning: In design 'total_gradient', net 'status_inst[26][2]' driven by pin 'dL_dcolor_temp_B/status_2' has no loads. (LINT-2)
Warning: In design 'total_gradient', net 'status_inst[26][3]' driven by pin 'dL_dcolor_temp_B/status_3' has no loads. (LINT-2)
Warning: In design 'total_gradient', net 'status_inst[26][4]' driven by pin 'dL_dcolor_temp_B/status_4' has no loads. (LINT-2)
Warning: In design 'total_gradient', net 'status_inst[26][5]' driven by pin 'dL_dcolor_temp_B/status_5' has no loads. (LINT-2)
Warning: In design 'total_gradient', net 'status_inst[26][6]' driven by pin 'dL_dcolor_temp_B/status_6' has no loads. (LINT-2)
Warning: In design 'total_gradient', net 'status_inst[26][7]' driven by pin 'dL_dcolor_temp_B/status_7' has no loads. (LINT-2)
Warning: In design 'total_gradient', net 'status_inst[25][0]' driven by pin 'dL_dcolor_temp_G/status_0' has no loads. (LINT-2)
Warning: In design 'total_gradient', net 'status_inst[25][1]' driven by pin 'dL_dcolor_temp_G/status_1' has no loads. (LINT-2)
Warning: In design 'total_gradient', net 'status_inst[25][2]' driven by pin 'dL_dcolor_temp_G/status_2' has no loads. (LINT-2)
Warning: In design 'total_gradient', net 'status_inst[25][3]' driven by pin 'dL_dcolor_temp_G/status_3' has no loads. (LINT-2)
Warning: In design 'total_gradient', net 'status_inst[25][4]' driven by pin 'dL_dcolor_temp_G/status_4' has no loads. (LINT-2)
Warning: In design 'total_gradient', net 'status_inst[25][5]' driven by pin 'dL_dcolor_temp_G/status_5' has no loads. (LINT-2)
Warning: In design 'total_gradient', net 'status_inst[25][6]' driven by pin 'dL_dcolor_temp_G/status_6' has no loads. (LINT-2)
Warning: In design 'total_gradient', net 'status_inst[25][7]' driven by pin 'dL_dcolor_temp_G/status_7' has no loads. (LINT-2)
Warning: In design 'total_gradient', net 'status_inst[24][0]' driven by pin 'dL_dcolor_temp_R/status_0' has no loads. (LINT-2)
Warning: In design 'total_gradient', net 'status_inst[24][1]' driven by pin 'dL_dcolor_temp_R/status_1' has no loads. (LINT-2)
Warning: In design 'total_gradient', net 'status_inst[24][2]' driven by pin 'dL_dcolor_temp_R/status_2' has no loads. (LINT-2)
Warning: In design 'total_gradient', net 'status_inst[24][3]' driven by pin 'dL_dcolor_temp_R/status_3' has no loads. (LINT-2)
Warning: In design 'total_gradient', net 'status_inst[24][4]' driven by pin 'dL_dcolor_temp_R/status_4' has no loads. (LINT-2)
Warning: In design 'total_gradient', net 'status_inst[24][5]' driven by pin 'dL_dcolor_temp_R/status_5' has no loads. (LINT-2)
Warning: In design 'total_gradient', net 'status_inst[24][6]' driven by pin 'dL_dcolor_temp_R/status_6' has no loads. (LINT-2)
Warning: In design 'total_gradient', net 'status_inst[24][7]' driven by pin 'dL_dcolor_temp_R/status_7' has no loads. (LINT-2)
Warning: In design 'total_gradient', net 'status_inst[23][0]' driven by pin 'dL_dalpha_maker1/status_0' has no loads. (LINT-2)
Warning: In design 'total_gradient', net 'status_inst[23][1]' driven by pin 'dL_dalpha_maker1/status_1' has no loads. (LINT-2)
Warning: In design 'total_gradient', net 'status_inst[23][2]' driven by pin 'dL_dalpha_maker1/status_2' has no loads. (LINT-2)
Warning: In design 'total_gradient', net 'status_inst[23][3]' driven by pin 'dL_dalpha_maker1/status_3' has no loads. (LINT-2)
Warning: In design 'total_gradient', net 'status_inst[23][4]' driven by pin 'dL_dalpha_maker1/status_4' has no loads. (LINT-2)
Warning: In design 'total_gradient', net 'status_inst[23][5]' driven by pin 'dL_dalpha_maker1/status_5' has no loads. (LINT-2)
Warning: In design 'total_gradient', net 'status_inst[23][6]' driven by pin 'dL_dalpha_maker1/status_6' has no loads. (LINT-2)
Warning: In design 'total_gradient', net 'status_inst[23][7]' driven by pin 'dL_dalpha_maker1/status_7' has no loads. (LINT-2)
Warning: In design 'total_gradient', net 'status_inst[22][0]' driven by pin 'dG_dy_maker/status_0' has no loads. (LINT-2)
Warning: In design 'total_gradient', net 'status_inst[22][1]' driven by pin 'dG_dy_maker/status_1' has no loads. (LINT-2)
Warning: In design 'total_gradient', net 'status_inst[22][2]' driven by pin 'dG_dy_maker/status_2' has no loads. (LINT-2)
Warning: In design 'total_gradient', net 'status_inst[22][3]' driven by pin 'dG_dy_maker/status_3' has no loads. (LINT-2)
Warning: In design 'total_gradient', net 'status_inst[22][4]' driven by pin 'dG_dy_maker/status_4' has no loads. (LINT-2)
Warning: In design 'total_gradient', net 'status_inst[22][5]' driven by pin 'dG_dy_maker/status_5' has no loads. (LINT-2)
Warning: In design 'total_gradient', net 'status_inst[22][6]' driven by pin 'dG_dy_maker/status_6' has no loads. (LINT-2)
Warning: In design 'total_gradient', net 'status_inst[22][7]' driven by pin 'dG_dy_maker/status_7' has no loads. (LINT-2)
Warning: In design 'total_gradient', net 'status_inst[21][0]' driven by pin 'dG_dx_maker/status_0' has no loads. (LINT-2)
Warning: In design 'total_gradient', net 'status_inst[21][1]' driven by pin 'dG_dx_maker/status_1' has no loads. (LINT-2)
Warning: In design 'total_gradient', net 'status_inst[21][2]' driven by pin 'dG_dx_maker/status_2' has no loads. (LINT-2)
Warning: In design 'total_gradient', net 'status_inst[21][3]' driven by pin 'dG_dx_maker/status_3' has no loads. (LINT-2)
Warning: In design 'total_gradient', net 'status_inst[21][4]' driven by pin 'dG_dx_maker/status_4' has no loads. (LINT-2)
Warning: In design 'total_gradient', net 'status_inst[21][5]' driven by pin 'dG_dx_maker/status_5' has no loads. (LINT-2)
Warning: In design 'total_gradient', net 'status_inst[21][6]' driven by pin 'dG_dx_maker/status_6' has no loads. (LINT-2)
Warning: In design 'total_gradient', net 'status_inst[21][7]' driven by pin 'dG_dx_maker/status_7' has no loads. (LINT-2)
Warning: In design 'total_gradient', net 'status_inst[20][0]' driven by pin 'diff_depth_maker/status_0' has no loads. (LINT-2)
Warning: In design 'total_gradient', net 'status_inst[20][1]' driven by pin 'diff_depth_maker/status_1' has no loads. (LINT-2)
Warning: In design 'total_gradient', net 'status_inst[20][2]' driven by pin 'diff_depth_maker/status_2' has no loads. (LINT-2)
Warning: In design 'total_gradient', net 'status_inst[20][3]' driven by pin 'diff_depth_maker/status_3' has no loads. (LINT-2)
Warning: In design 'total_gradient', net 'status_inst[20][4]' driven by pin 'diff_depth_maker/status_4' has no loads. (LINT-2)
Warning: In design 'total_gradient', net 'status_inst[20][5]' driven by pin 'diff_depth_maker/status_5' has no loads. (LINT-2)
Warning: In design 'total_gradient', net 'status_inst[20][6]' driven by pin 'diff_depth_maker/status_6' has no loads. (LINT-2)
Warning: In design 'total_gradient', net 'status_inst[20][7]' driven by pin 'diff_depth_maker/status_7' has no loads. (LINT-2)
Warning: In design 'total_gradient', net 'status_inst[19][0]' driven by pin 'diff_color_B_maker/status_0' has no loads. (LINT-2)
Warning: In design 'total_gradient', net 'status_inst[19][1]' driven by pin 'diff_color_B_maker/status_1' has no loads. (LINT-2)
Warning: In design 'total_gradient', net 'status_inst[19][2]' driven by pin 'diff_color_B_maker/status_2' has no loads. (LINT-2)
Warning: In design 'total_gradient', net 'status_inst[19][3]' driven by pin 'diff_color_B_maker/status_3' has no loads. (LINT-2)
Warning: In design 'total_gradient', net 'status_inst[19][4]' driven by pin 'diff_color_B_maker/status_4' has no loads. (LINT-2)
Warning: In design 'total_gradient', net 'status_inst[19][5]' driven by pin 'diff_color_B_maker/status_5' has no loads. (LINT-2)
Warning: In design 'total_gradient', net 'status_inst[19][6]' driven by pin 'diff_color_B_maker/status_6' has no loads. (LINT-2)
Warning: In design 'total_gradient', net 'status_inst[19][7]' driven by pin 'diff_color_B_maker/status_7' has no loads. (LINT-2)
Warning: In design 'total_gradient', net 'status_inst[18][0]' driven by pin 'diff_color_G_maker/status_0' has no loads. (LINT-2)
Warning: In design 'total_gradient', net 'status_inst[18][1]' driven by pin 'diff_color_G_maker/status_1' has no loads. (LINT-2)
Warning: In design 'total_gradient', net 'status_inst[18][2]' driven by pin 'diff_color_G_maker/status_2' has no loads. (LINT-2)
Warning: In design 'total_gradient', net 'status_inst[18][3]' driven by pin 'diff_color_G_maker/status_3' has no loads. (LINT-2)
Warning: In design 'total_gradient', net 'status_inst[18][4]' driven by pin 'diff_color_G_maker/status_4' has no loads. (LINT-2)
Warning: In design 'total_gradient', net 'status_inst[18][5]' driven by pin 'diff_color_G_maker/status_5' has no loads. (LINT-2)
Warning: In design 'total_gradient', net 'status_inst[18][6]' driven by pin 'diff_color_G_maker/status_6' has no loads. (LINT-2)
Warning: In design 'total_gradient', net 'status_inst[18][7]' driven by pin 'diff_color_G_maker/status_7' has no loads. (LINT-2)
Warning: In design 'total_gradient', net 'status_inst[17][0]' driven by pin 'diff_color_R_maker/status_0' has no loads. (LINT-2)
Warning: In design 'total_gradient', net 'status_inst[17][1]' driven by pin 'diff_color_R_maker/status_1' has no loads. (LINT-2)
Warning: In design 'total_gradient', net 'status_inst[17][2]' driven by pin 'diff_color_R_maker/status_2' has no loads. (LINT-2)
Warning: In design 'total_gradient', net 'status_inst[17][3]' driven by pin 'diff_color_R_maker/status_3' has no loads. (LINT-2)
Warning: In design 'total_gradient', net 'status_inst[17][4]' driven by pin 'diff_color_R_maker/status_4' has no loads. (LINT-2)
Warning: In design 'total_gradient', net 'status_inst[17][5]' driven by pin 'diff_color_R_maker/status_5' has no loads. (LINT-2)
Warning: In design 'total_gradient', net 'status_inst[17][6]' driven by pin 'diff_color_R_maker/status_6' has no loads. (LINT-2)
Warning: In design 'total_gradient', net 'status_inst[17][7]' driven by pin 'diff_color_R_maker/status_7' has no loads. (LINT-2)
Warning: In design 'total_gradient', net 'status_inst[16][0]' driven by pin 'dL_dch_dcolor/status_0' has no loads. (LINT-2)
Warning: In design 'total_gradient', net 'status_inst[16][1]' driven by pin 'dL_dch_dcolor/status_1' has no loads. (LINT-2)
Warning: In design 'total_gradient', net 'status_inst[16][2]' driven by pin 'dL_dch_dcolor/status_2' has no loads. (LINT-2)
Warning: In design 'total_gradient', net 'status_inst[16][3]' driven by pin 'dL_dch_dcolor/status_3' has no loads. (LINT-2)
Warning: In design 'total_gradient', net 'status_inst[16][4]' driven by pin 'dL_dch_dcolor/status_4' has no loads. (LINT-2)
Warning: In design 'total_gradient', net 'status_inst[16][5]' driven by pin 'dL_dch_dcolor/status_5' has no loads. (LINT-2)
Warning: In design 'total_gradient', net 'status_inst[16][6]' driven by pin 'dL_dch_dcolor/status_6' has no loads. (LINT-2)
Warning: In design 'total_gradient', net 'status_inst[16][7]' driven by pin 'dL_dch_dcolor/status_7' has no loads. (LINT-2)
Warning: In design 'total_gradient', net 'status_inst[15][0]' driven by pin 'd_y_gdy_maker/status_0' has no loads. (LINT-2)
Warning: In design 'total_gradient', net 'status_inst[15][1]' driven by pin 'd_y_gdy_maker/status_1' has no loads. (LINT-2)
Warning: In design 'total_gradient', net 'status_inst[15][2]' driven by pin 'd_y_gdy_maker/status_2' has no loads. (LINT-2)
Warning: In design 'total_gradient', net 'status_inst[15][3]' driven by pin 'd_y_gdy_maker/status_3' has no loads. (LINT-2)
Warning: In design 'total_gradient', net 'status_inst[15][4]' driven by pin 'd_y_gdy_maker/status_4' has no loads. (LINT-2)
Warning: In design 'total_gradient', net 'status_inst[15][5]' driven by pin 'd_y_gdy_maker/status_5' has no loads. (LINT-2)
Warning: In design 'total_gradient', net 'status_inst[15][6]' driven by pin 'd_y_gdy_maker/status_6' has no loads. (LINT-2)
Warning: In design 'total_gradient', net 'status_inst[15][7]' driven by pin 'd_y_gdy_maker/status_7' has no loads. (LINT-2)
Warning: In design 'total_gradient', net 'status_inst[14][0]' driven by pin 'd_y_gdx_maker/status_0' has no loads. (LINT-2)
Warning: In design 'total_gradient', net 'status_inst[14][1]' driven by pin 'd_y_gdx_maker/status_1' has no loads. (LINT-2)
Warning: In design 'total_gradient', net 'status_inst[14][2]' driven by pin 'd_y_gdx_maker/status_2' has no loads. (LINT-2)
Warning: In design 'total_gradient', net 'status_inst[14][3]' driven by pin 'd_y_gdx_maker/status_3' has no loads. (LINT-2)
Warning: In design 'total_gradient', net 'status_inst[14][4]' driven by pin 'd_y_gdx_maker/status_4' has no loads. (LINT-2)
Warning: In design 'total_gradient', net 'status_inst[14][5]' driven by pin 'd_y_gdx_maker/status_5' has no loads. (LINT-2)
Warning: In design 'total_gradient', net 'status_inst[14][6]' driven by pin 'd_y_gdx_maker/status_6' has no loads. (LINT-2)
Warning: In design 'total_gradient', net 'status_inst[14][7]' driven by pin 'd_y_gdx_maker/status_7' has no loads. (LINT-2)
Warning: In design 'total_gradient', net 'status_inst[13][0]' driven by pin 'd_x_gdx_maker/status_0' has no loads. (LINT-2)
Warning: In design 'total_gradient', net 'status_inst[13][1]' driven by pin 'd_x_gdx_maker/status_1' has no loads. (LINT-2)
Warning: In design 'total_gradient', net 'status_inst[13][2]' driven by pin 'd_x_gdx_maker/status_2' has no loads. (LINT-2)
Warning: In design 'total_gradient', net 'status_inst[13][3]' driven by pin 'd_x_gdx_maker/status_3' has no loads. (LINT-2)
Warning: In design 'total_gradient', net 'status_inst[13][4]' driven by pin 'd_x_gdx_maker/status_4' has no loads. (LINT-2)
Warning: In design 'total_gradient', net 'status_inst[13][5]' driven by pin 'd_x_gdx_maker/status_5' has no loads. (LINT-2)
Warning: In design 'total_gradient', net 'status_inst[13][6]' driven by pin 'd_x_gdx_maker/status_6' has no loads. (LINT-2)
Warning: In design 'total_gradient', net 'status_inst[13][7]' driven by pin 'd_x_gdx_maker/status_7' has no loads. (LINT-2)
Warning: In design 'total_gradient', net 'status_inst[12][0]' driven by pin 'dG_ddely_maker/status_0' has no loads. (LINT-2)
Warning: In design 'total_gradient', net 'status_inst[12][1]' driven by pin 'dG_ddely_maker/status_1' has no loads. (LINT-2)
Warning: In design 'total_gradient', net 'status_inst[12][2]' driven by pin 'dG_ddely_maker/status_2' has no loads. (LINT-2)
Warning: In design 'total_gradient', net 'status_inst[12][3]' driven by pin 'dG_ddely_maker/status_3' has no loads. (LINT-2)
Warning: In design 'total_gradient', net 'status_inst[12][4]' driven by pin 'dG_ddely_maker/status_4' has no loads. (LINT-2)
Warning: In design 'total_gradient', net 'status_inst[12][5]' driven by pin 'dG_ddely_maker/status_5' has no loads. (LINT-2)
Warning: In design 'total_gradient', net 'status_inst[12][6]' driven by pin 'dG_ddely_maker/status_6' has no loads. (LINT-2)
Warning: In design 'total_gradient', net 'status_inst[12][7]' driven by pin 'dG_ddely_maker/status_7' has no loads. (LINT-2)
Warning: In design 'total_gradient', net 'status_inst[11][0]' driven by pin 'dG_ddelx_maker/status_0' has no loads. (LINT-2)
Warning: In design 'total_gradient', net 'status_inst[11][1]' driven by pin 'dG_ddelx_maker/status_1' has no loads. (LINT-2)
Warning: In design 'total_gradient', net 'status_inst[11][2]' driven by pin 'dG_ddelx_maker/status_2' has no loads. (LINT-2)
Warning: In design 'total_gradient', net 'status_inst[11][3]' driven by pin 'dG_ddelx_maker/status_3' has no loads. (LINT-2)
Warning: In design 'total_gradient', net 'status_inst[11][4]' driven by pin 'dG_ddelx_maker/status_4' has no loads. (LINT-2)
Warning: In design 'total_gradient', net 'status_inst[11][5]' driven by pin 'dG_ddelx_maker/status_5' has no loads. (LINT-2)
Warning: In design 'total_gradient', net 'status_inst[11][6]' driven by pin 'dG_ddelx_maker/status_6' has no loads. (LINT-2)
Warning: In design 'total_gradient', net 'status_inst[11][7]' driven by pin 'dG_ddelx_maker/status_7' has no loads. (LINT-2)
Warning: In design 'total_gradient', net 'status_inst[10][0]' driven by pin 'accum_rec_depth_maker/status_0' has no loads. (LINT-2)
Warning: In design 'total_gradient', net 'status_inst[10][1]' driven by pin 'accum_rec_depth_maker/status_1' has no loads. (LINT-2)
Warning: In design 'total_gradient', net 'status_inst[10][2]' driven by pin 'accum_rec_depth_maker/status_2' has no loads. (LINT-2)
Warning: In design 'total_gradient', net 'status_inst[10][3]' driven by pin 'accum_rec_depth_maker/status_3' has no loads. (LINT-2)
Warning: In design 'total_gradient', net 'status_inst[10][4]' driven by pin 'accum_rec_depth_maker/status_4' has no loads. (LINT-2)
Warning: In design 'total_gradient', net 'status_inst[10][5]' driven by pin 'accum_rec_depth_maker/status_5' has no loads. (LINT-2)
Warning: In design 'total_gradient', net 'status_inst[10][6]' driven by pin 'accum_rec_depth_maker/status_6' has no loads. (LINT-2)
Warning: In design 'total_gradient', net 'status_inst[10][7]' driven by pin 'accum_rec_depth_maker/status_7' has no loads. (LINT-2)
Warning: In design 'total_gradient', net 'status_inst[9][0]' driven by pin 'accum_rec_B_maker/status_0' has no loads. (LINT-2)
Warning: In design 'total_gradient', net 'status_inst[9][1]' driven by pin 'accum_rec_B_maker/status_1' has no loads. (LINT-2)
Warning: In design 'total_gradient', net 'status_inst[9][2]' driven by pin 'accum_rec_B_maker/status_2' has no loads. (LINT-2)
Warning: In design 'total_gradient', net 'status_inst[9][3]' driven by pin 'accum_rec_B_maker/status_3' has no loads. (LINT-2)
Warning: In design 'total_gradient', net 'status_inst[9][4]' driven by pin 'accum_rec_B_maker/status_4' has no loads. (LINT-2)
Warning: In design 'total_gradient', net 'status_inst[9][5]' driven by pin 'accum_rec_B_maker/status_5' has no loads. (LINT-2)
Warning: In design 'total_gradient', net 'status_inst[9][6]' driven by pin 'accum_rec_B_maker/status_6' has no loads. (LINT-2)
Warning: In design 'total_gradient', net 'status_inst[9][7]' driven by pin 'accum_rec_B_maker/status_7' has no loads. (LINT-2)
Warning: In design 'total_gradient', net 'status_inst[8][0]' driven by pin 'accum_rec_G_maker/status_0' has no loads. (LINT-2)
Warning: In design 'total_gradient', net 'status_inst[8][1]' driven by pin 'accum_rec_G_maker/status_1' has no loads. (LINT-2)
Warning: In design 'total_gradient', net 'status_inst[8][2]' driven by pin 'accum_rec_G_maker/status_2' has no loads. (LINT-2)
Warning: In design 'total_gradient', net 'status_inst[8][3]' driven by pin 'accum_rec_G_maker/status_3' has no loads. (LINT-2)
Warning: In design 'total_gradient', net 'status_inst[8][4]' driven by pin 'accum_rec_G_maker/status_4' has no loads. (LINT-2)
Warning: In design 'total_gradient', net 'status_inst[8][5]' driven by pin 'accum_rec_G_maker/status_5' has no loads. (LINT-2)
Warning: In design 'total_gradient', net 'status_inst[8][6]' driven by pin 'accum_rec_G_maker/status_6' has no loads. (LINT-2)
Warning: In design 'total_gradient', net 'status_inst[8][7]' driven by pin 'accum_rec_G_maker/status_7' has no loads. (LINT-2)
Warning: In design 'total_gradient', net 'status_inst[7][0]' driven by pin 'accum_rec_R_maker/status_0' has no loads. (LINT-2)
Warning: In design 'total_gradient', net 'status_inst[7][1]' driven by pin 'accum_rec_R_maker/status_1' has no loads. (LINT-2)
Warning: In design 'total_gradient', net 'status_inst[7][2]' driven by pin 'accum_rec_R_maker/status_2' has no loads. (LINT-2)
Warning: In design 'total_gradient', net 'status_inst[7][3]' driven by pin 'accum_rec_R_maker/status_3' has no loads. (LINT-2)
Warning: In design 'total_gradient', net 'status_inst[7][4]' driven by pin 'accum_rec_R_maker/status_4' has no loads. (LINT-2)
Warning: In design 'total_gradient', net 'status_inst[7][5]' driven by pin 'accum_rec_R_maker/status_5' has no loads. (LINT-2)
Warning: In design 'total_gradient', net 'status_inst[7][6]' driven by pin 'accum_rec_R_maker/status_6' has no loads. (LINT-2)
Warning: In design 'total_gradient', net 'status_inst[7][7]' driven by pin 'accum_rec_R_maker/status_7' has no loads. (LINT-2)
Warning: In design 'total_gradient', net 'status_inst[6][0]' driven by pin 'One_minus_last_alpha_maker/status_0' has no loads. (LINT-2)
Warning: In design 'total_gradient', net 'status_inst[6][1]' driven by pin 'One_minus_last_alpha_maker/status_1' has no loads. (LINT-2)
Warning: In design 'total_gradient', net 'status_inst[6][2]' driven by pin 'One_minus_last_alpha_maker/status_2' has no loads. (LINT-2)
Warning: In design 'total_gradient', net 'status_inst[6][3]' driven by pin 'One_minus_last_alpha_maker/status_3' has no loads. (LINT-2)
Warning: In design 'total_gradient', net 'status_inst[6][4]' driven by pin 'One_minus_last_alpha_maker/status_4' has no loads. (LINT-2)
Warning: In design 'total_gradient', net 'status_inst[6][5]' driven by pin 'One_minus_last_alpha_maker/status_5' has no loads. (LINT-2)
Warning: In design 'total_gradient', net 'status_inst[6][6]' driven by pin 'One_minus_last_alpha_maker/status_6' has no loads. (LINT-2)
Warning: In design 'total_gradient', net 'status_inst[6][7]' driven by pin 'One_minus_last_alpha_maker/status_7' has no loads. (LINT-2)
Warning: In design 'total_gradient', net 'status_inst[5][0]' driven by pin 'ddely_dy_maker/status_0' has no loads. (LINT-2)
Warning: In design 'total_gradient', net 'status_inst[5][1]' driven by pin 'ddely_dy_maker/status_1' has no loads. (LINT-2)
Warning: In design 'total_gradient', net 'status_inst[5][2]' driven by pin 'ddely_dy_maker/status_2' has no loads. (LINT-2)
Warning: In design 'total_gradient', net 'status_inst[5][3]' driven by pin 'ddely_dy_maker/status_3' has no loads. (LINT-2)
Warning: In design 'total_gradient', net 'status_inst[5][4]' driven by pin 'ddely_dy_maker/status_4' has no loads. (LINT-2)
Warning: In design 'total_gradient', net 'status_inst[5][5]' driven by pin 'ddely_dy_maker/status_5' has no loads. (LINT-2)
Warning: In design 'total_gradient', net 'status_inst[5][6]' driven by pin 'ddely_dy_maker/status_6' has no loads. (LINT-2)
Warning: In design 'total_gradient', net 'status_inst[5][7]' driven by pin 'ddely_dy_maker/status_7' has no loads. (LINT-2)
Warning: In design 'total_gradient', net 'status_inst[4][0]' driven by pin 'ddelx_dx_maker/status_0' has no loads. (LINT-2)
Warning: In design 'total_gradient', net 'status_inst[4][1]' driven by pin 'ddelx_dx_maker/status_1' has no loads. (LINT-2)
Warning: In design 'total_gradient', net 'status_inst[4][2]' driven by pin 'ddelx_dx_maker/status_2' has no loads. (LINT-2)
Warning: In design 'total_gradient', net 'status_inst[4][3]' driven by pin 'ddelx_dx_maker/status_3' has no loads. (LINT-2)
Warning: In design 'total_gradient', net 'status_inst[4][4]' driven by pin 'ddelx_dx_maker/status_4' has no loads. (LINT-2)
Warning: In design 'total_gradient', net 'status_inst[4][5]' driven by pin 'ddelx_dx_maker/status_5' has no loads. (LINT-2)
Warning: In design 'total_gradient', net 'status_inst[4][6]' driven by pin 'ddelx_dx_maker/status_6' has no loads. (LINT-2)
Warning: In design 'total_gradient', net 'status_inst[4][7]' driven by pin 'ddelx_dx_maker/status_7' has no loads. (LINT-2)
Warning: In design 'total_gradient', net 'status_inst[3][0]' driven by pin 'gdy_maker/status_0' has no loads. (LINT-2)
Warning: In design 'total_gradient', net 'status_inst[3][1]' driven by pin 'gdy_maker/status_1' has no loads. (LINT-2)
Warning: In design 'total_gradient', net 'status_inst[3][2]' driven by pin 'gdy_maker/status_2' has no loads. (LINT-2)
Warning: In design 'total_gradient', net 'status_inst[3][3]' driven by pin 'gdy_maker/status_3' has no loads. (LINT-2)
Warning: In design 'total_gradient', net 'status_inst[3][4]' driven by pin 'gdy_maker/status_4' has no loads. (LINT-2)
Warning: In design 'total_gradient', net 'status_inst[3][5]' driven by pin 'gdy_maker/status_5' has no loads. (LINT-2)
Warning: In design 'total_gradient', net 'status_inst[3][6]' driven by pin 'gdy_maker/status_6' has no loads. (LINT-2)
Warning: In design 'total_gradient', net 'status_inst[3][7]' driven by pin 'gdy_maker/status_7' has no loads. (LINT-2)
Warning: In design 'total_gradient', net 'status_inst[2][0]' driven by pin 'gdx_maker/status_0' has no loads. (LINT-2)
Warning: In design 'total_gradient', net 'status_inst[2][1]' driven by pin 'gdx_maker/status_1' has no loads. (LINT-2)
Warning: In design 'total_gradient', net 'status_inst[2][2]' driven by pin 'gdx_maker/status_2' has no loads. (LINT-2)
Warning: In design 'total_gradient', net 'status_inst[2][3]' driven by pin 'gdx_maker/status_3' has no loads. (LINT-2)
Warning: In design 'total_gradient', net 'status_inst[2][4]' driven by pin 'gdx_maker/status_4' has no loads. (LINT-2)
Warning: In design 'total_gradient', net 'status_inst[2][5]' driven by pin 'gdx_maker/status_5' has no loads. (LINT-2)
Warning: In design 'total_gradient', net 'status_inst[2][6]' driven by pin 'gdx_maker/status_6' has no loads. (LINT-2)
Warning: In design 'total_gradient', net 'status_inst[2][7]' driven by pin 'gdx_maker/status_7' has no loads. (LINT-2)
Warning: In design 'total_gradient', net 'status_inst[1][0]' driven by pin 'One_minus_alpha_maker/status_0' has no loads. (LINT-2)
Warning: In design 'total_gradient', net 'status_inst[1][1]' driven by pin 'One_minus_alpha_maker/status_1' has no loads. (LINT-2)
Warning: In design 'total_gradient', net 'status_inst[1][2]' driven by pin 'One_minus_alpha_maker/status_2' has no loads. (LINT-2)
Warning: In design 'total_gradient', net 'status_inst[1][3]' driven by pin 'One_minus_alpha_maker/status_3' has no loads. (LINT-2)
Warning: In design 'total_gradient', net 'status_inst[1][4]' driven by pin 'One_minus_alpha_maker/status_4' has no loads. (LINT-2)
Warning: In design 'total_gradient', net 'status_inst[1][5]' driven by pin 'One_minus_alpha_maker/status_5' has no loads. (LINT-2)
Warning: In design 'total_gradient', net 'status_inst[1][6]' driven by pin 'One_minus_alpha_maker/status_6' has no loads. (LINT-2)
Warning: In design 'total_gradient', net 'status_inst[1][7]' driven by pin 'One_minus_alpha_maker/status_7' has no loads. (LINT-2)
Warning: In design 'total_gradient', port 'W[0]' is not connected to any nets. (LINT-28)
Warning: In design 'total_gradient', port 'H[0]' is not connected to any nets. (LINT-28)
Warning: In design 'total_gradient', net 'status_inst[7][0]' has multiple drivers (unknown wired-logic type). (LINT-38)
Warning: In design 'total_gradient', net 'status_inst[7][1]' has multiple drivers (unknown wired-logic type). (LINT-38)
Warning: In design 'total_gradient', net 'status_inst[7][2]' has multiple drivers (unknown wired-logic type). (LINT-38)
Warning: In design 'total_gradient', net 'status_inst[7][3]' has multiple drivers (unknown wired-logic type). (LINT-38)
Warning: In design 'total_gradient', net 'status_inst[7][4]' has multiple drivers (unknown wired-logic type). (LINT-38)
Warning: In design 'total_gradient', net 'status_inst[7][5]' has multiple drivers (unknown wired-logic type). (LINT-38)
Warning: In design 'total_gradient', net 'status_inst[7][6]' has multiple drivers (unknown wired-logic type). (LINT-38)
Warning: In design 'total_gradient', net 'status_inst[7][7]' has multiple drivers (unknown wired-logic type). (LINT-38)
1
# Enable pipelined-logic retiming
set_optimize_registers -designs $top_level
1
# Synthesize the design with adaptive retiming
compile_ultra -retime -no_autoungroup
Information: Performing power optimization. (PWR-850)
Alib files are up-to-date.
Information: Evaluating DesignWare library utilization. (UISN-27)

============================================================================
| DesignWare Building Block Library  |         Version         | Available |
============================================================================
| Basic DW Building Blocks           | S-2021.06-DWBB_202106.4 |     *     |
| Licensed DW Building Blocks        | S-2021.06-DWBB_202106.4 |     *     |
============================================================================

============================================================================
| Flow Information                                                         |
----------------------------------------------------------------------------
| Flow         | Design Compiler WLM                                       |
============================================================================
| Design Information                                      | Value          |
============================================================================
| Number of Scenarios                                     | 0              |
| Leaf Cell Count                                         | 2318           |
| Number of User Hierarchies                              | 0              |
| Sequential Cell Count                                   | 2145           |
| Macro Count                                             | 0              |
| Number of Power Domains                                 | 0              |
| Design with UPF Data                                    | false          |
============================================================================
Information: Sequential output inversion is enabled.  SVF file must be used for formal verification. (OPT-1208)
Information: Retiming is enabled. SVF file must be used for formal verification. (OPT-1210)

Information: There are 306 potential problems in your design. Please run 'check_design' for more information. (LINT-99)

  Simplifying Design 'total_gradient'

Loaded alib file './alib-52/um28nchslogl30hdh140f_tt0p9v25c.db.alib'
Information: State dependent leakage is now switched from on to off.

  Beginning Pass 1 Mapping
  ------------------------
  Processing 'total_gradient'
Information: The register 'H0_reg[11]' is a constant and will be removed. (OPT-1206)
Information: The register 'W0_reg[11]' is a constant and will be removed. (OPT-1206)
Information: The register 'One1_reg[0]' is a constant and will be removed. (OPT-1206)
Information: The register 'One1_reg[1]' is a constant and will be removed. (OPT-1206)
Information: The register 'One1_reg[2]' is a constant and will be removed. (OPT-1206)
Information: The register 'One1_reg[3]' is a constant and will be removed. (OPT-1206)
Information: The register 'One1_reg[4]' is a constant and will be removed. (OPT-1206)
Information: The register 'One1_reg[5]' is a constant and will be removed. (OPT-1206)
Information: The register 'One1_reg[6]' is a constant and will be removed. (OPT-1206)
Information: The register 'One1_reg[7]' is a constant and will be removed. (OPT-1206)
Information: The register 'One1_reg[8]' is a constant and will be removed. (OPT-1206)
Information: The register 'One1_reg[9]' is a constant and will be removed. (OPT-1206)
Information: The register 'One1_reg[10]' is a constant and will be removed. (OPT-1206)
Information: The register 'One1_reg[11]' is a constant and will be removed. (OPT-1206)
Information: The register 'One1_reg[12]' is a constant and will be removed. (OPT-1206)
Information: The register 'One1_reg[13]' is a constant and will be removed. (OPT-1206)
Information: The register 'One1_reg[14]' is a constant and will be removed. (OPT-1206)
Information: The register 'One1_reg[15]' is a constant and will be removed. (OPT-1206)
Information: The register 'One0_reg[0]' is a constant and will be removed. (OPT-1206)
Information: The register 'One0_reg[1]' is a constant and will be removed. (OPT-1206)
Information: The register 'One0_reg[2]' is a constant and will be removed. (OPT-1206)
Information: The register 'One0_reg[3]' is a constant and will be removed. (OPT-1206)
Information: The register 'One0_reg[4]' is a constant and will be removed. (OPT-1206)
Information: The register 'One0_reg[5]' is a constant and will be removed. (OPT-1206)
Information: The register 'One0_reg[6]' is a constant and will be removed. (OPT-1206)
Information: The register 'One0_reg[7]' is a constant and will be removed. (OPT-1206)
Information: The register 'One0_reg[8]' is a constant and will be removed. (OPT-1206)
Information: The register 'One0_reg[9]' is a constant and will be removed. (OPT-1206)
Information: The register 'One0_reg[10]' is a constant and will be removed. (OPT-1206)
Information: The register 'One0_reg[11]' is a constant and will be removed. (OPT-1206)
Information: The register 'One0_reg[12]' is a constant and will be removed. (OPT-1206)
Information: The register 'One0_reg[13]' is a constant and will be removed. (OPT-1206)
Information: The register 'One0_reg[14]' is a constant and will be removed. (OPT-1206)
Information: The register 'One0_reg[15]' is a constant and will be removed. (OPT-1206)
Information: The register 'dL_dconic_reg[16]' is a constant and will be removed. (OPT-1206)
Information: The register 'dL_dconic_reg[17]' is a constant and will be removed. (OPT-1206)
Information: The register 'dL_dconic_reg[18]' is a constant and will be removed. (OPT-1206)
Information: The register 'dL_dconic_reg[19]' is a constant and will be removed. (OPT-1206)
Information: The register 'dL_dconic_reg[20]' is a constant and will be removed. (OPT-1206)
Information: The register 'dL_dconic_reg[21]' is a constant and will be removed. (OPT-1206)
Information: The register 'dL_dconic_reg[22]' is a constant and will be removed. (OPT-1206)
Information: The register 'dL_dconic_reg[23]' is a constant and will be removed. (OPT-1206)
Information: The register 'dL_dconic_reg[24]' is a constant and will be removed. (OPT-1206)
Information: The register 'dL_dconic_reg[25]' is a constant and will be removed. (OPT-1206)
Information: The register 'dL_dconic_reg[26]' is a constant and will be removed. (OPT-1206)
Information: The register 'dL_dconic_reg[27]' is a constant and will be removed. (OPT-1206)
Information: The register 'dL_dconic_reg[28]' is a constant and will be removed. (OPT-1206)
Information: The register 'dL_dconic_reg[29]' is a constant and will be removed. (OPT-1206)
Information: The register 'dL_dconic_reg[30]' is a constant and will be removed. (OPT-1206)
Information: The register 'dL_dconic_reg[31]' is a constant and will be removed. (OPT-1206)
 Implement Synthetic for 'total_gradient'.
  Processing 'total_gradient_DW_fp_mult_J1_0'
  Processing 'total_gradient_DW_lzd_J1_0'
  Processing 'total_gradient_DW_lzd_J1_1'
  Processing 'total_gradient_DW_fp_mult_J1_1'
  Processing 'total_gradient_DW_lzd_J1_2'
  Processing 'total_gradient_DW_lzd_J1_3'
  Processing 'total_gradient_DW_fp_mult_J1_2'
  Processing 'total_gradient_DW_lzd_J1_4'
  Processing 'total_gradient_DW_lzd_J1_5'
  Processing 'total_gradient_DW_fp_mult_J1_3'
  Processing 'total_gradient_DW_lzd_J1_6'
  Processing 'total_gradient_DW_lzd_J1_7'
  Processing 'total_gradient_DW_fp_mult_J1_4'
  Processing 'total_gradient_DW_lzd_J1_8'
  Processing 'total_gradient_DW_lzd_J1_9'
  Processing 'total_gradient_DW_fp_mult_J1_5'
  Processing 'total_gradient_DW_lzd_J1_10'
  Processing 'total_gradient_DW_lzd_J1_11'
  Processing 'total_gradient_DW_fp_mult_J1_6'
  Processing 'total_gradient_DW_lzd_J1_12'
  Processing 'total_gradient_DW_lzd_J1_13'
  Processing 'total_gradient_DW_fp_mult_J1_7'
  Processing 'total_gradient_DW_lzd_J1_14'
  Processing 'total_gradient_DW_lzd_J1_15'
  Processing 'total_gradient_DW_fp_mult_J1_8'
  Processing 'total_gradient_DW_lzd_J1_16'
  Processing 'total_gradient_DW_lzd_J1_17'
  Processing 'total_gradient_DW_fp_mult_J1_9'
  Processing 'total_gradient_DW_lzd_J1_18'
  Processing 'total_gradient_DW_lzd_J1_19'
  Processing 'total_gradient_DW_fp_mult_J1_10'
  Processing 'total_gradient_DW_lzd_J1_20'
  Processing 'total_gradient_DW_lzd_J1_21'
  Processing 'total_gradient_DW_fp_mult_J1_11'
  Processing 'total_gradient_DW_lzd_J1_22'
  Processing 'total_gradient_DW_lzd_J1_23'
  Processing 'total_gradient_DW_fp_addsub_J1_0'
  Processing 'total_gradient_DW_lzd_J1_24'
  Processing 'total_gradient_DW_fp_dp2_J1_0'
  Processing 'total_gradient_DW_lzd_J1_25'
  Processing 'total_gradient_DW_fp_dp2_J1_1'
  Processing 'total_gradient_DW_lzd_J1_26'
  Processing 'total_gradient_DW_fp_mult_J1_12'
  Processing 'total_gradient_DW_lzd_J1_27'
  Processing 'total_gradient_DW_lzd_J1_28'
  Processing 'total_gradient_DW_fp_mult_J1_13'
  Processing 'total_gradient_DW_lzd_J1_29'
  Processing 'total_gradient_DW_lzd_J1_30'
  Processing 'total_gradient_DW_fp_addsub_J1_1'
  Processing 'total_gradient_DW_lzd_J1_31'
  Processing 'total_gradient_DW_fp_addsub_J1_2'
  Processing 'total_gradient_DW_lzd_J1_32'
  Processing 'total_gradient_DW_fp_addsub_J1_3'
  Processing 'total_gradient_DW_lzd_J1_33'
  Processing 'total_gradient_DW_fp_addsub_J1_4'
  Processing 'total_gradient_DW_lzd_J1_34'
  Processing 'total_gradient_DW_fp_mult_J1_14'
  Processing 'total_gradient_DW_lzd_J1_35'
  Processing 'total_gradient_DW_lzd_J1_36'
  Processing 'total_gradient_DW_fp_mult_J1_15'
  Processing 'total_gradient_DW_lzd_J1_37'
  Processing 'total_gradient_DW_lzd_J1_38'
  Processing 'total_gradient_DW_fp_mult_J1_16'
  Processing 'total_gradient_DW_lzd_J1_39'
  Processing 'total_gradient_DW_lzd_J1_40'
  Processing 'total_gradient_DW_fp_mult_J1_17'
  Processing 'total_gradient_DW_lzd_J1_41'
  Processing 'total_gradient_DW_lzd_J1_42'
  Processing 'total_gradient_DW_fp_dp2_J1_2'
  Processing 'total_gradient_DW_lzd_J1_43'
  Processing 'total_gradient_DW_fp_dp2_J1_3'
  Processing 'total_gradient_DW_lzd_J1_44'
  Processing 'total_gradient_DW_fp_dp2_J1_4'
  Processing 'total_gradient_DW_lzd_J1_45'
  Processing 'total_gradient_DW_fp_dp2_J1_5'
  Processing 'total_gradient_DW_lzd_J1_46'
  Processing 'total_gradient_DW_fp_dp2_J1_6'
  Processing 'total_gradient_DW_lzd_J1_47'
  Processing 'total_gradient_DW_fp_dp2_J1_7'
  Processing 'total_gradient_DW_lzd_J1_48'
  Processing 'total_gradient_DW_fp_div_J1_0'
  Processing 'total_gradient_DW_div_J1_0'
  Processing 'total_gradient_DW_fp_addsub_J1_5'
  Processing 'total_gradient_DW_lzd_J1_49'
  Processing 'total_gradient_DW_fp_i2flt_J1_0'
  Processing 'total_gradient_DW_fp_i2flt_J1_1'
  Processing 'total_gradient_DW_fp_mult_J1_18'
  Processing 'total_gradient_DW_lzd_J1_50_DW_lzd_J1_52'
  Processing 'total_gradient_DW_lzd_J1_51_DW_lzd_J1_53'
  Processing 'total_gradient_DW_fp_mult_J1_19'
  Processing 'total_gradient_DW_lzd_J1_52_DW_lzd_J1_54'
  Processing 'total_gradient_DW_lzd_J1_53_DW_lzd_J1_55'
  Processing 'total_gradient_DW_fp_addsub_J1_6'
  Processing 'total_gradient_DW_lzd_J1_54_DW_lzd_J1_56'
Information: Added key list 'DesignWare' to design 'total_gradient'. (DDB-72)

  Updating timing information
Information: Updating design information... (UID-85)
Information: The register 'ddely_dy1_reg[15]' is a constant and will be removed. (OPT-1206)
Information: The register 'ddely_dy2_reg[15]' is a constant and will be removed. (OPT-1206)
Information: The register 'ddelx_dx1_reg[15]' is a constant and will be removed. (OPT-1206)
Information: The register 'ddelx_dx2_reg[15]' is a constant and will be removed. (OPT-1206)

Threshold voltage group cell usage:
>> SVT30 93.12%, undefined 6.88%

  Beginning Mapping Optimizations  (Ultra High effort)
  -------------------------------
  Structuring 'total_gradient_DW_fp_addsub_0'
  Mapping 'total_gradient_DW_fp_addsub_0'
  Structuring 'total_gradient_DW_fp_addsub_1'
  Mapping 'total_gradient_DW_fp_addsub_1'
  Structuring 'DW_norm_a_width11_srch_wind3_exp_width5_exp_ctr0'
  Mapping 'DW_norm_a_width11_srch_wind3_exp_width5_exp_ctr0'
  Structuring 'total_gradient_DW_fp_addsub_2'
  Mapping 'total_gradient_DW_fp_addsub_2'
  Structuring 'total_gradient_DW_fp_addsub_3'
  Mapping 'total_gradient_DW_fp_addsub_3'
  Structuring 'DW_norm_a_width11_srch_wind3_exp_width5_exp_ctr0'
  Mapping 'DW_norm_a_width11_srch_wind3_exp_width5_exp_ctr0'
  Structuring 'total_gradient_DW_fp_addsub_4'
  Mapping 'total_gradient_DW_fp_addsub_4'
  Structuring 'total_gradient_DW_fp_addsub_5'
  Mapping 'total_gradient_DW_fp_addsub_5'
  Structuring 'DW_norm_a_width11_srch_wind3_exp_width5_exp_ctr0'
  Mapping 'DW_norm_a_width11_srch_wind3_exp_width5_exp_ctr0'
  Structuring 'total_gradient_DW_fp_addsub_6'
  Mapping 'total_gradient_DW_fp_addsub_6'
  Structuring 'total_gradient_DW_fp_addsub_7'
  Mapping 'total_gradient_DW_fp_addsub_7'
  Structuring 'DW_norm_a_width11_srch_wind3_exp_width5_exp_ctr0'
  Mapping 'DW_norm_a_width11_srch_wind3_exp_width5_exp_ctr0'
  Structuring 'total_gradient_DW_fp_addsub_8'
  Mapping 'total_gradient_DW_fp_addsub_8'
  Structuring 'total_gradient_DW_fp_addsub_9'
  Mapping 'total_gradient_DW_fp_addsub_9'
  Structuring 'DW_norm_a_width11_srch_wind3_exp_width5_exp_ctr0'
  Mapping 'DW_norm_a_width11_srch_wind3_exp_width5_exp_ctr0'
  Structuring 'total_gradient_DW_div_0'
  Mapping 'total_gradient_DW_div_0'
  Structuring 'total_gradient_DW_div_1'
  Mapping 'total_gradient_DW_div_1'
  Structuring 'total_gradient_DW_div_2'
  Mapping 'total_gradient_DW_div_2'
  Structuring 'total_gradient_DW_div_3'
  Mapping 'total_gradient_DW_div_3'
  Structuring 'total_gradient_DW_div_4'
  Mapping 'total_gradient_DW_div_4'
  Mapping 'total_gradient_DW01_add_0'
  Mapping 'DW01_add'
  Mapping 'DW01_add'
  Mapping 'DW01_add'
  Mapping 'DW01_add'
  Mapping 'DW01_add'
  Mapping 'DW01_add'
  Mapping 'total_gradient_DW01_add_1'
  Mapping 'total_gradient_DW01_add_2'
  Mapping 'total_gradient_DW01_add_3'
  Mapping 'total_gradient_DW01_add_4'
  Mapping 'total_gradient_DW01_add_5'
  Mapping 'total_gradient_DW01_add_6'
  Mapping 'total_gradient_DW01_add_7'
  Mapping 'total_gradient_DW01_add_8'
  Mapping 'total_gradient_DW01_add_9'
  Mapping 'total_gradient_DW01_add_10'
  Mapping 'total_gradient_DW01_add_11'
  Mapping 'total_gradient_DW01_add_12'
  Mapping 'total_gradient_DW01_add_13'
  Mapping 'total_gradient_DW01_add_14'
  Mapping 'total_gradient_DW01_add_15'
  Mapping 'total_gradient_DW01_add_16'
  Mapping 'total_gradient_DW01_add_17'
  Mapping 'total_gradient_DW01_add_18'
  Mapping 'total_gradient_DW_div_4'
  Structuring 'total_gradient_DW_fp_addsub_10'
  Mapping 'total_gradient_DW_fp_addsub_10'
  Structuring 'total_gradient_DW_fp_addsub_11'
  Mapping 'total_gradient_DW_fp_addsub_11'
  Structuring 'DW_norm_a_width11_srch_wind3_exp_width5_exp_ctr0'
  Mapping 'DW_norm_a_width11_srch_wind3_exp_width5_exp_ctr0'
  Structuring 'total_gradient_DW_fp_addsub_12'
  Mapping 'total_gradient_DW_fp_addsub_12'
  Structuring 'total_gradient_DW_fp_addsub_13'
  Mapping 'total_gradient_DW_fp_addsub_13'
  Structuring 'DW_norm_a_width11_srch_wind3_exp_width5_exp_ctr0'
  Mapping 'DW_norm_a_width11_srch_wind3_exp_width5_exp_ctr0'
Information: Checking pipeline property of design total_gradient. (RTDC-137)
Information: design total_gradient is not a pipeline. (RTDC-139)
  Mapping Optimization (Phase 1)
  Mapping Optimization (Phase 2)
  Mapping Optimization (Phase 3)
  Mapping Optimization (Phase 4)
  Mapping Optimization (Phase 5)
  Mapping Optimization (Phase 6)
  Mapping Optimization (Phase 7)
  Mapping Optimization (Phase 8)
  Mapping Optimization (Phase 9)
  Mapping Optimization (Phase 10)
  Mapping Optimization (Phase 11)
  Mapping Optimization (Phase 12)
  Mapping Optimization (Phase 13)
Information: In design 'total_gradient', the register 'ddely_dy1_reg[11]' is removed because it is merged to 'ddely_dy1_reg[13]'. (OPT-1215)
Information: In design 'total_gradient', the register 'ddely_dy1_reg[12]' is removed because it is merged to 'ddely_dy1_reg[13]'. (OPT-1215)
Information: In design 'total_gradient', the register 'ddelx_dx1_reg[11]' is removed because it is merged to 'ddelx_dx1_reg[13]'. (OPT-1215)
Information: In design 'total_gradient', the register 'ddelx_dx1_reg[12]' is removed because it is merged to 'ddelx_dx1_reg[13]'. (OPT-1215)
Information: Checkpoint guidance is generated in the .svf file. (INFO-122)
Warning: Retiming is likely to run for an extended
	period of time due to the large design size. (RTDC-135)
  Retiming total_gradient (top)
  Preferred flip-flop is SEN_FSDPQO_F4_12 with setup = 0.02


  Retiming base-clock clk, rising edge.
  Beginning minimum period retiming ...
  ... minimum period retiming done.
  Beginning minimum area retiming step 1 ...
  ... minimum area retiming step 1 done.
  Beginning minimum area retiming step 2 ...
  5% 10% 15% 20% 25% 30% 35% 40% 45% 50% 55% 60% 65% 70% 75% 80% 85% 90% 95% 100% 
  ... minimum area retiming step 2 done.
  Beginning minimum area retiming step 3 ...
  10% 20% 30% 40% 50% 60% 70% 80% 90% 100% 
  ... minimum area retiming step 3 done.
  Beginning final register move ...
  ... final register move done.
  Lower bound estimate = 1.62
  Critical path length = 1.62
  Clock correction = 0.14 (clock-to-Q delay = 0.02, setup = 0.02, uncertainty = 0.10)
  Mapping Optimization (Phase 14)
  Mapping Optimization (Phase 15)
  Mapping Optimization (Phase 16)
  Mapping Optimization (Phase 17)
  Mapping Optimization (Phase 18)
  Mapping Optimization (Phase 19)
  Mapping Optimization (Phase 20)
  Mapping Optimization (Phase 21)
  Mapping Optimization (Phase 22)
  Mapping Optimization (Phase 23)
  Mapping Optimization (Phase 24)
  Mapping Optimization (Phase 25)
  Mapping Optimization (Phase 26)
  Mapping Optimization (Phase 27)
  Mapping Optimization (Phase 28)
  Mapping Optimization (Phase 29)
  Mapping Optimization (Phase 30)
  Mapping Optimization (Phase 31)
  Mapping Optimization (Phase 32)
  Mapping Optimization (Phase 33)
  Mapping Optimization (Phase 34)

                                  TOTAL                                                            
   ELAPSED            WORST NEG   SETUP    DESIGN                              LEAKAGE   MIN DELAY 
    TIME      AREA      SLACK     COST    RULE COST         ENDPOINT            POWER      COST    
  --------- --------- --------- --------- --------- ------------------------- --------- -----------
    0:08:06   46858.5      0.34      75.3     103.0 clk_r_REG557_S1/D         261122.6719      0.00  
    0:08:06   46858.5      0.34      75.3     103.0 clk_r_REG557_S1/D         261122.6719      0.00  
    0:08:09   47017.8      0.31      63.9     106.0 clk_r_REG557_S1/D         262162.7812      0.00  
    0:08:14   47144.3      0.27      55.7     112.0 clk_r_REG557_S1/D         263089.0312      0.00  
    0:08:15   47152.9      0.27      55.6     112.0                           263126.5000      0.00  
    0:08:16   47032.4      0.41      60.5     103.0                           262588.2812      0.00  

Threshold voltage group cell usage:
>> SVT30 0.00%

  Beginning Constant Register Removal
  -----------------------------------

Threshold voltage group cell usage:
>> SVT30 0.00%

  Beginning Global Optimizations
  ------------------------------
  Numerical Synthesis (Phase 1)
  Numerical Synthesis (Phase 2)
  Global Optimization (Phase 1)
  Global Optimization (Phase 2)
  Global Optimization (Phase 3)
  Global Optimization (Phase 4)
  Global Optimization (Phase 5)
  Global Optimization (Phase 6)
  Global Optimization (Phase 7)
  Global Optimization (Phase 8)
  Global Optimization (Phase 9)
  Global Optimization (Phase 10)
  Global Optimization (Phase 11)
  Global Optimization (Phase 12)
  Global Optimization (Phase 13)
  Global Optimization (Phase 14)
  Global Optimization (Phase 15)
  Global Optimization (Phase 16)
  Global Optimization (Phase 17)
  Global Optimization (Phase 18)
  Global Optimization (Phase 19)
  Global Optimization (Phase 20)
  Global Optimization (Phase 21)
  Global Optimization (Phase 22)
  Global Optimization (Phase 23)
  Global Optimization (Phase 24)
  Global Optimization (Phase 25)
  Global Optimization (Phase 26)
  Global Optimization (Phase 27)
  Global Optimization (Phase 28)
  Global Optimization (Phase 29)
  Global Optimization (Phase 30)
  Global Optimization (Phase 31)

Threshold voltage group cell usage:
>> SVT30 0.00%

  Beginning Isolate Ports
  -----------------------

Threshold voltage group cell usage:
>> SVT30 0.00%

  Beginning Delay Optimization
  ----------------------------
    0:08:27   25927.5      0.62      98.3     102.0                           83824.1328      0.00  
    0:08:38   26909.2      0.28      62.3     275.0                           89794.7344      0.00  
    0:08:38   26909.2      0.28      62.3     275.0                           89794.7344      0.00  
    0:08:39   26909.2      0.28      62.3     275.0                           89794.7344      0.00  

Threshold voltage group cell usage:
>> SVT30 0.00%
    0:08:43   26448.9      0.32      57.2     251.0                           88492.5781      0.00  
    0:08:45   26425.6      0.33      57.5     252.0                           88437.7500      0.00  

  Beginning WLM Backend Optimization
  --------------------------------------
    0:08:51   26196.4      0.31      56.3     252.0                           87281.3516      0.00  
    0:08:52   26057.4      0.31      55.1     252.0                           86527.9375      0.00  
    0:08:53   25889.3      0.31      54.2     248.0                           85590.7578      0.00  
    0:08:53   25849.8      0.31      54.0     248.0                           85392.4609      0.00  
    0:08:56   25995.6      0.24      47.3     248.0                           86295.2891      0.00  
    0:08:56   26051.3      0.24      45.4     248.0                           86631.6641      0.00  
    0:08:56   26051.3      0.24      45.4     248.0                           86631.6641      0.00  
    0:09:01   24286.8      0.24      42.4     248.0                           75125.8828      0.00  
    0:09:01   24286.8      0.24      42.4     248.0                           75125.8828      0.00  
    0:09:31   25511.7      0.20      31.1     258.0                           82789.1875      0.00  
    0:09:32   25511.7      0.20      31.1     258.0                           82789.1875      0.00  
    0:09:33   25738.0      0.17      27.3     258.0                           84228.4297      0.00  
    0:09:33   25738.0      0.17      27.3     258.0                           84228.4297      0.00  
    0:11:10   26846.6      0.14      21.3     278.0                           91247.3281      0.00  
    0:11:10   26846.6      0.14      21.3     278.0                           91247.3281      0.00  
    0:12:00   28591.0      0.06       7.8     338.0                           102452.4922      0.00  
    0:12:00   28591.0      0.06       7.8     338.0                           102452.4922      0.00  
    0:13:13   29181.7      0.05       5.4     347.0                           106266.5391      0.00  
    0:13:13   29181.7      0.05       5.4     347.0                           106266.5391      0.00  
    0:13:37   29722.6      0.02       1.9     351.0                           109777.5547      0.00  
    0:13:37   29722.6      0.02       1.9     351.0                           109777.5547      0.00  
    0:14:29   29868.2      0.02       1.7     355.0                           110487.2344      0.00  
    0:14:29   29868.2      0.02       1.7     355.0                           110487.2344      0.00  
    0:14:43   30229.0      0.02       0.7     363.0                           113045.9375      0.00  
    0:14:43   30229.0      0.02       0.7     363.0                           113045.9375      0.00  
    0:14:58   30318.1      0.01       0.5     361.0                           113691.7344      0.00  


  Beginning Design Rule Fixing  (max_fanout)
  ----------------------------

                                  TOTAL                                                            
   ELAPSED            WORST NEG   SETUP    DESIGN                              LEAKAGE   MIN DELAY 
    TIME      AREA      SLACK     COST    RULE COST         ENDPOINT            POWER      COST    
  --------- --------- --------- --------- --------- ------------------------- --------- -----------
    0:14:58   30318.1      0.01       0.5     361.0                           113691.7344      0.00  
  Global Optimization (Phase 32)
  Global Optimization (Phase 33)
  Global Optimization (Phase 34)
    0:15:00   30291.3      0.00       0.2      36.0 dL_dalpha_adder/U1/clk_r_REG151_S2/D 113525.1719      0.00  
    0:15:01   30260.3      0.00       0.0      36.0 dL_dalpha_adder/U1/clk_r_REG151_S2/D 113273.2734      0.00  
    0:15:02   30258.9      0.00       0.0       0.0 dL_dalpha_adder/U1/clk_r_REG159_S2/D 113246.4531      0.00  
    0:15:03   30259.7      0.00       0.0       0.0                           113250.3125      0.00  
    0:15:03   30259.7      0.00       0.0       0.0                           113250.3125      0.00  

Threshold voltage group cell usage:
>> SVT30 100.00%


  Beginning Leakage Power Optimization  (max_leakage_power 0)
  ------------------------------------

                                  TOTAL                                                            
   ELAPSED            WORST NEG   SETUP    DESIGN                              LEAKAGE   MIN DELAY 
    TIME      AREA      SLACK     COST    RULE COST         ENDPOINT            POWER      COST    
  --------- --------- --------- --------- --------- ------------------------- --------- -----------
    0:15:03   30259.7      0.00       0.0       0.0                           113250.3125      0.00  
  Global Optimization (Phase 35)
  Global Optimization (Phase 36)
  Global Optimization (Phase 37)
  Global Optimization (Phase 38)
  Global Optimization (Phase 39)
  Global Optimization (Phase 40)
  Global Optimization (Phase 41)
  Global Optimization (Phase 42)
  Global Optimization (Phase 43)
  Global Optimization (Phase 44)
  Global Optimization (Phase 45)
  Global Optimization (Phase 46)
  Global Optimization (Phase 47)
  Global Optimization (Phase 48)
  Global Optimization (Phase 49)
  Global Optimization (Phase 50)
    0:15:14   27729.6      0.03       3.0       4.0                           95456.6875      0.00  
    0:16:02   27980.8      0.03       2.7      39.0                           97026.8516      0.00  
    0:16:02   27980.8      0.03       2.7      39.0                           97026.8516      0.00  
    0:16:05   27281.9      0.03       2.1      39.0                           91767.5156      0.00  
    0:16:05   27281.9      0.03       2.1      39.0                           91767.5156      0.00  
    0:16:56   27677.7      0.02       1.6      47.0                           94456.2969      0.00  
    0:16:56   27677.7      0.02       1.6      47.0                           94456.2969      0.00  
    0:16:58   27889.1      0.01       0.7      47.0                           95866.5312      0.00  
    0:16:58   27889.1      0.01       0.7      47.0                           95866.5312      0.00  
    0:17:52   28033.0      0.01       0.4      58.0                           96838.7109      0.00  
    0:17:52   28033.0      0.01       0.4      58.0                           96838.7109      0.00  
    0:17:58   28106.8      0.00       0.0      66.0                           97219.4844      0.00  
    0:17:58   28106.8      0.00       0.0      66.0                           97219.4844      0.00  
    0:17:58   28106.8      0.00       0.0      66.0                           97219.4844      0.00  
    0:17:58   28106.8      0.00       0.0      66.0                           97219.4844      0.00  
    0:17:58   28106.8      0.00       0.0      66.0                           97219.4844      0.00  
    0:17:58   28106.8      0.00       0.0      66.0                           97219.4844      0.00  
    0:17:58   28106.8      0.00       0.0      66.0                           97219.4844      0.00  
    0:17:58   28106.8      0.00       0.0      66.0                           97219.4844      0.00  
    0:17:58   28106.8      0.00       0.0      66.0                           97219.4844      0.00  
    0:17:58   28106.8      0.00       0.0      66.0                           97219.4844      0.00  
    0:17:58   28106.8      0.00       0.0      66.0                           97219.4844      0.00  

                                  TOTAL                                                            
   ELAPSED            WORST NEG   SETUP    DESIGN                              LEAKAGE   MIN DELAY 
    TIME      AREA      SLACK     COST    RULE COST         ENDPOINT            POWER      COST    
  --------- --------- --------- --------- --------- ------------------------- --------- -----------
    0:17:58   28106.8      0.00       0.0      66.0                           97219.4844      0.00  
    0:18:06   26647.7      0.01       0.1      63.0                           86849.8281      0.00  
    0:18:07   26653.0      0.00       0.0      63.0                           86901.9297      0.00  
    0:18:07   26653.0      0.00       0.0      63.0                           86901.9297      0.00  
    0:18:11   26213.7      0.00       0.0      63.0                           83940.5703      0.00  
    0:18:12   26190.6      0.00       0.0      63.0                           83840.0469      0.00  
    0:18:12   26148.5      0.00       0.0      62.0                           83618.1641      0.00  
    0:18:14   26069.1      0.00       0.0      56.0 net664632                 83048.5078      0.00  
    0:18:15   26077.7      0.00       0.0       0.0 dL_dalpha_adder/U1/clk_r_REG148_S2/D 83088.9453      0.00  
    0:18:15   26077.7      0.00       0.0       0.0                           83089.9062      0.00  
    0:18:15   26077.7      0.00       0.0       0.0                           83089.9062      0.00  
    0:18:15   26077.7      0.00       0.0       0.0                           83089.9062      0.00  
    0:18:15   26077.7      0.00       0.0       0.0                           83089.9062      0.00  
    0:18:15   26077.7      0.00       0.0       0.0                           83089.9062      0.00  
    0:18:15   26077.7      0.00       0.0       0.0                           83089.9062      0.00  
    0:18:25   25356.9      0.00       0.0       0.0                           78395.2109      0.00  
Loading db file '/ids/kits/UMC28_Kit/v-logic_um28nchslogl30hdh140f/DesignWare_logic_libs/umc28nllh/30hd/hdh/svt/latest/liberty/ccs/um28nchslogl30hdh140f_tt0p9v25c.db'


Note: Symbol # after min delay cost means estimated hold TNS across all active scenarios 


  Optimization Complete
  ---------------------
Warning: Design 'total_gradient' contains 1 high-fanout nets. A fanout number of 1000 will be used for delay calculations involving these nets. (TIM-134)
     Net 'clk': 2201 load(s), 1 driver(s)
Information: State dependent leakage is now switched from off to on.
Information: Propagating switching activity (low effort zero delay simulation). (PWR-6)
1
# Rename modules, signals according to the naming rules Used for tool exchange
source -verbose "./naming_rules.syn.tcl"
Error: could not open script file "./naming_rules.syn.tcl" (CMD-015)
# Generate structural verilog netlist
write -hierarchy -format verilog -output "${top_level}.syn.v"
Writing verilog file '/home/hyukjun/Projects/MonoGS_HW/SLAM_Rasterizer/output_fp16_800M/total_gradient.syn.v'.
Warning: Verilog 'assign' or 'tran' statements are written out. (VO-4)
1
# Generate Standard Delay Format (SDF) file
write_sdf -context verilog "${top_level}.syn.sdf"
Information: Annotated 'cell' delays are assumed to include load delay. (UID-282)
Information: Writing timing information to file '/home/hyukjun/Projects/MonoGS_HW/SLAM_Rasterizer/output_fp16_800M/total_gradient.syn.sdf'. (WT-3)
Information: Updating design information... (UID-85)
Warning: Design 'total_gradient' contains 1 high-fanout nets. A fanout number of 1000 will be used for delay calculations involving these nets. (TIM-134)
1
# Generate timing constraints file
write_sdc "${top_level}.syn.sdc"
1
# Generate report file
set maxpaths 20
20
set rpt_file "${top_level}.syn.rpt"
total_gradient.syn.rpt
check_design > $rpt_file
report_area  >> ${rpt_file}
report_power -hier -analysis_effort medium >> ${rpt_file}
report_design >> ${rpt_file}
report_cell >> ${rpt_file}
report_port -verbose >> ${rpt_file}
report_compile_options >> ${rpt_file}
report_constraint -all_violators -verbose >> ${rpt_file}
report_timing -path full -delay max -max_paths $maxpaths -nworst 100 >> ${rpt_file}
report_qor >> ${rpt_file}
# Exit dc_shell
quit

Memory usage for this session 1911 Mbytes.
Memory usage for this session including child processes 1911 Mbytes.
CPU usage for this session 1132 seconds ( 0.31 hours ).
Elapsed time for this session 1143 seconds ( 0.32 hours ).

Thank you...
