/ids/tools/SYNOPSYS/syn/S-2021.06-SP4/auxx/gui/dv/dv_setup.tcl
/ids/tools/SYNOPSYS/syn/S-2021.06-SP4/auxx/gui/syn/snpsSynProcs.tcl
/ids/tools/SYNOPSYS/syn/S-2021.06-SP4/auxx/gui/syn/layout/pkgIndex.tcl
/ids/tools/SYNOPSYS/syn/S-2021.06-SP4/auxx/gui/common/tiledview/pkgIndex.tcl
/ids/tools/SYNOPSYS/syn/S-2021.06-SP4/auxx/gui/common/layout/pkgIndex.tcl
/ids/tools/SYNOPSYS/syn/S-2021.06-SP4/auxx/gui/common/WindowFrameWork/pkgIndex.tcl
/ids/tools/SYNOPSYS/syn/S-2021.06-SP4/auxx/gui/common/mrupalette/pkgIndex.tcl
/ids/tools/SYNOPSYS/syn/S-2021.06-SP4/auxx/gui/common/rtlxref/pkgIndex.tcl
/ids/tools/SYNOPSYS/syn/S-2021.06-SP4/auxx/gui/common/misc/pkgIndex.tcl
/ids/tools/SYNOPSYS/syn/S-2021.06-SP4/auxx/gui/common/table/pkgIndex.tcl
/ids/tools/SYNOPSYS/syn/S-2021.06-SP4/auxx/gui/common/select/pkgIndex.tcl
/ids/tools/SYNOPSYS/syn/S-2021.06-SP4/auxx/gui/common/hierAttrView/pkgIndex.tcl
/ids/tools/SYNOPSYS/syn/S-2021.06-SP4/auxx/gui/common/3dlayout/pkgIndex.tcl
/ids/tools/SYNOPSYS/syn/S-2021.06-SP4/auxx/gui/common/3dmodel/pkgIndex.tcl
/ids/tools/SYNOPSYS/syn/S-2021.06-SP4/auxx/gui/common/taskassistant/pkgIndex.tcl
/ids/tools/SYNOPSYS/syn/S-2021.06-SP4/auxx/gui/common/utable/pkgIndex.tcl
/ids/tools/SYNOPSYS/syn/S-2021.06-SP4/auxx/gui/common/timing/pkgIndex.tcl
/ids/tools/SYNOPSYS/syn/S-2021.06-SP4/auxx/gui/common/histogram/pkgIndex.tcl
/ids/tools/SYNOPSYS/syn/S-2021.06-SP4/auxx/gui/common/schematic/pkgIndex.tcl
/ids/tools/SYNOPSYS/syn/S-2021.06-SP4/auxx/gui/common/3dic/pkgIndex.tcl
/ids/tools/SYNOPSYS/syn/S-2021.06-SP4/auxx/gui/common/dialogs/pkgIndex.tcl
/ids/tools/SYNOPSYS/syn/S-2021.06-SP4/auxx/gui/common/tq/pkgIndex.tcl
/ids/tools/SYNOPSYS/syn/S-2021.06-SP4/auxx/gui/common/menus/pkgIndex.tcl
/ids/tools/SYNOPSYS/syn/S-2021.06-SP4/auxx/gui/common/strokes/pkgIndex.tcl
/ids/tools/SYNOPSYS/syn/S-2021.06-SP4/auxx/gui/common/libviewer/pkgIndex.tcl
/ids/tools/SYNOPSYS/syn/S-2021.06-SP4/auxx/gui/common/highlight/pkgIndex.tcl
/ids/tools/SYNOPSYS/syn/S-2021.06-SP4/auxx/gui/common/acg/pkgIndex.tcl
/ids/tools/SYNOPSYS/syn/S-2021.06-SP4/auxx/gui/common/regressionToolkit/pkgIndex.tcl
/ids/tools/SYNOPSYS/syn/S-2021.06-SP4/auxx/gui/common/setup/pkgIndex.tcl
/ids/tools/SYNOPSYS/syn/S-2021.06-SP4/auxx/gui/common/opdlg/pkgIndex.tcl
/ids/tools/SYNOPSYS/syn/S-2021.06-SP4/auxx/gui/common/docBrowser/pkgIndex.tcl
/ids/tools/SYNOPSYS/syn/S-2021.06-SP4/auxx/gui/common/hierarchy/pkgIndex.tcl
/ids/tools/SYNOPSYS/syn/S-2021.06-SP4/auxx/gui/common/palettegroup/pkgIndex.tcl
/ids/tools/SYNOPSYS/syn/S-2021.06-SP4/auxx/gui/common/view/pkgIndex.tcl
/ids/tools/SYNOPSYS/syn/S-2021.06-SP4/auxx/gui/common/commandform/pkgIndex.tcl
/ids/tools/SYNOPSYS/syn/S-2021.06-SP4/auxx/gui/common/tcl-dp/pkgIndex.tcl
/ids/tools/SYNOPSYS/syn/S-2021.06-SP4/auxx/gui/common/qtcl/pkgIndex.tcl
/ids/tools/SYNOPSYS/syn/S-2021.06-SP4/auxx/gui/dv/pkgIndex.tcl
/ids/tools/SYNOPSYS/syn/S-2021.06-SP4/auxx/syn/lib/pkgIndex.tcl
/ids/tools/SYNOPSYS/syn/S-2021.06-SP4/auxx/tcllib/lib/iwidgets4.1/pkgIndex.tcl
/ids/tools/SYNOPSYS/syn/S-2021.06-SP4/auxx/tcllib/lib/itcl4.0.5/pkgIndex.tcl
/ids/tools/SYNOPSYS/syn/S-2021.06-SP4/auxx/tcllib/snps_tcl/snpsTest/pkgIndex.tcl
/ids/tools/SYNOPSYS/syn/S-2021.06-SP4/auxx/tcllib/snps_tcl/snpsUtils/pkgIndex.tcl
/ids/tools/SYNOPSYS/syn/S-2021.06-SP4/auxx/tcllib/snps_tcl/snpsTclPro/pkgIndex.tcl
/ids/tools/SYNOPSYS/syn/S-2021.06-SP4/auxx/tcllib/snps_tcl/pkgIndex.tcl
/ids/tools/SYNOPSYS/syn/S-2021.06-SP4/auxx/tcllib/lib/tcl8.6/opt/pkgIndex.tcl
/ids/tools/SYNOPSYS/syn/S-2021.06-SP4/auxx/tcllib/lib/tcl8.6/reg/pkgIndex.tcl
/ids/tools/SYNOPSYS/syn/S-2021.06-SP4/auxx/tcllib/lib/tcl8.6/tcltest/pkgIndex.tcl
/ids/tools/SYNOPSYS/syn/S-2021.06-SP4/auxx/tcllib/lib/tcl8.6/dde/pkgIndex.tcl
/ids/tools/SYNOPSYS/syn/S-2021.06-SP4/auxx/tcllib/lib/tcl8.6/http1.0/pkgIndex.tcl
/ids/tools/SYNOPSYS/syn/S-2021.06-SP4/auxx/tcllib/lib/tcl8.6/platform/pkgIndex.tcl
/ids/tools/SYNOPSYS/syn/S-2021.06-SP4/auxx/tcllib/lib/tcl8.6/http/pkgIndex.tcl
/ids/tools/SYNOPSYS/syn/S-2021.06-SP4/auxx/tcllib/lib/tcl8.6/msgcat/pkgIndex.tcl
/ids/tools/SYNOPSYS/syn/S-2021.06-SP4/auxx/gui/common/setup/snpsCommonSetup.tcl
/ids/tools/SYNOPSYS/syn/S-2021.06-SP4/auxx/gui/common/setup/snpsCustomize.tcl
/ids/tools/SYNOPSYS/syn/S-2021.06-SP4/auxx/gui/common/setup/snpsProcheck.tcl
/ids/tools/SYNOPSYS/syn/S-2021.06-SP4/auxx/gui/common/misc/base.tcl
/ids/tools/SYNOPSYS/syn/S-2021.06-SP4/auxx/gui/common/misc/timing.tcl
/ids/tools/SYNOPSYS/syn/S-2021.06-SP4/auxx/gui/common/misc/setting.tcl
/ids/tools/SYNOPSYS/syn/S-2021.06-SP4/auxx/gui/common/misc/preset.tcl
/ids/tools/SYNOPSYS/syn/S-2021.06-SP4/auxx/gui/common/WindowFrameWork/windowFrameWork.tcl
/ids/tools/SYNOPSYS/syn/S-2021.06-SP4/auxx/gui/common/WindowFrameWork/skipBusyCursorCmdList.tcl
/ids/tools/SYNOPSYS/syn/S-2021.06-SP4/auxx/gui/common/qtcl/.synopsys_qtcl.tcl
/ids/tools/SYNOPSYS/syn/S-2021.06-SP4/auxx/gui/common/highlight/highlight.tcl
/ids/tools/SYNOPSYS/syn/S-2021.06-SP4/auxx/gui/common/palettegroup/palettegroup.tcl
/ids/tools/SYNOPSYS/syn/S-2021.06-SP4/auxx/gui/common/commandform/commandform.tcl
/ids/tools/SYNOPSYS/syn/S-2021.06-SP4/auxx/gui/common/tiledview/tiledview.tcl
/ids/tools/SYNOPSYS/syn/S-2021.06-SP4/auxx/gui/common/docBrowser/docBrowser.tcl
/ids/tools/SYNOPSYS/syn/S-2021.06-SP4/auxx/tcllib/snps_tcl/snpsUtils/snpsUtils.tcl
/ids/tools/SYNOPSYS/syn/S-2021.06-SP4/auxx/gui/common/dialogs/ObjectChooser.tcl
/ids/tools/SYNOPSYS/syn/S-2021.06-SP4/auxx/gui/common/misc/DialogObjectChooser.tcl
/ids/tools/SYNOPSYS/syn/S-2021.06-SP4/auxx/gui/common/dialogs/HistBinInformation.tcl
/ids/tools/SYNOPSYS/syn/S-2021.06-SP4/auxx/gui/common/dialogs/HistBin1Information.tcl
/ids/tools/SYNOPSYS/syn/S-2021.06-SP4/auxx/gui/common/dialogs/BinsOnlyInformation.tcl
/ids/tools/SYNOPSYS/syn/S-2021.06-SP4/auxx/gui/common/dialogs/FileChooser.tcl
/ids/tools/SYNOPSYS/syn/S-2021.06-SP4/auxx/gui/common/dialogs/PathPinSimpleInfo.tcl
/ids/tools/SYNOPSYS/syn/S-2021.06-SP4/auxx/gui/common/dialogs/PathsBasicInfo.tcl
/ids/tools/SYNOPSYS/syn/S-2021.06-SP4/auxx/gui/common/dialogs/PathsBasicSimpleInfo.tcl
/ids/tools/SYNOPSYS/syn/S-2021.06-SP4/auxx/gui/common/dialogs/SlctOperationInfo.tcl
/ids/tools/SYNOPSYS/syn/S-2021.06-SP4/auxx/gui/common/dialogs/ObjectListInfo.tcl
/ids/tools/SYNOPSYS/syn/S-2021.06-SP4/auxx/gui/common/dialogs/FanInOutInfo.tcl
/ids/tools/SYNOPSYS/syn/S-2021.06-SP4/auxx/gui/common/dialogs/NumberOfLevelsChooser.tcl
/ids/tools/SYNOPSYS/syn/S-2021.06-SP4/auxx/gui/common/dialogs/WindowReuseInfo.tcl
/ids/tools/SYNOPSYS/syn/S-2021.06-SP4/auxx/gui/common/dialogs/ReportOutputOptionInfo.tcl
/ids/tools/SYNOPSYS/syn/S-2021.06-SP4/auxx/gui/common/setup/snpsCollections.tcl
/ids/tools/SYNOPSYS/syn/S-2021.06-SP4/auxx/gui/common/dialogs/CompileLinkDesign.tcl
/ids/tools/SYNOPSYS/syn/S-2021.06-SP4/auxx/gui/common/histogram/base.tcl
/ids/tools/SYNOPSYS/syn/S-2021.06-SP4/auxx/gui/common/histogram/DialogNetCapacitance.tcl
/ids/tools/SYNOPSYS/syn/S-2021.06-SP4/auxx/gui/common/schematic/DialogPathSchematicFanInOut.tcl
/ids/tools/SYNOPSYS/syn/S-2021.06-SP4/auxx/gui/common/schematic/DialogPathSchematicAddPaths.tcl
/home/hyukjun/Projects/MonoGS_HW/SLAM_Rasterizer/syn/top.syn.tcl
/home/hyukjun/Projects/MonoGS_HW/SLAM_Rasterizer/syn/common.syn.tcl
/ids/kits/UMC28_Kit/v-logic_um28nchslogl30hdh140f/DesignWare_logic_libs/umc28nllh/30hd/hdh/svt/latest/liberty/ccs/um28nchslogl30hdh140f_tt0p9v25c.db
/ids/tools/SYNOPSYS/syn/S-2021.06-SP4/libraries/syn/dw_foundation.sldb
/ids/tools/SYNOPSYS/syn/S-2021.06-SP4/libraries/syn/gtech.db
/ids/tools/SYNOPSYS/syn/S-2021.06-SP4/libraries/syn/standard.sldb
/home/hyukjun/Projects/MonoGS_HW/SLAM_Rasterizer/src/Rasterizer_unit.sv
/home/hyukjun/Projects/MonoGS_HW/SLAM_Rasterizer/src/skip_unit.sv
/home/hyukjun/Projects/MonoGS_HW/SLAM_Rasterizer/src/fixed_arbiter.sv
/home/hyukjun/Projects/MonoGS_HW/SLAM_Rasterizer/src/gradient_unit.v
/home/hyukjun/Projects/MonoGS_HW/SLAM_Rasterizer/src/gradient_unit.v
/ids/kits/UMC28_Kit/v-logic_um28nchslogl30hdh140f/DesignWare_logic_libs/umc28nllh/30hd/hdh/svt/latest/liberty/ccs/um28nchslogl30hdh140f_tt0p9v25c.db
/home/hyukjun/Projects/MonoGS_HW/SLAM_Rasterizer/output_fp24_600M/alib-52/um28nchslogl30hdh140f_tt0p9v25c.db.alib
/home/hyukjun/Projects/MonoGS_HW/SLAM_Rasterizer/output_fp24_600M/alib-52/alib_analyze_libs.tcl.e
/ids/kits/UMC28_Kit/v-logic_um28nchslogl30hdh140f/DesignWare_logic_libs/umc28nllh/30hd/hdh/svt/latest/liberty/ccs/um28nchslogl30hdh140f_tt0p9v25c.db
/home/hyukjun/Projects/MonoGS_HW/SLAM_Rasterizer/output_fp24_600M/alib-52/um28nchslogl30hdh140f_tt0p9v25c.db.alib
