
                           Design Compiler Graphical 
                                 DC Ultra (TM)
                                  DFTMAX (TM)
                              Power Compiler (TM)
                                 DesignWare (R)
                                 DC Expert (TM)
                               Design Vision (TM)
                               HDL Compiler (TM)
                               VHDL Compiler (TM)
                                  DFT Compiler
                               Design Compiler(R)

               Version S-2021.06-SP4 for linux64 - Nov 23, 2021 

                    Copyright (c) 1988 - 2021 Synopsys, Inc.
   This software and the associated documentation are proprietary to Synopsys,
 Inc. This software may only be used in accordance with the terms and conditions
 of a written license agreement with Synopsys, Inc. All other use, reproduction,
   or distribution of this software is strictly prohibited.  Licensed Products
     communicate with Synopsys servers for the purpose of providing software
    updates, detecting software piracy and verifying that customers are using
    Licensed Products in conformity with the applicable License Key for such
  Licensed Products. Synopsys will use information gathered in connection with
    this process to deliver software updates and pursue software pirates and
                                   infringers.

 Inclusivity & Diversity - Visit SolvNetPlus to read the "Synopsys Statement on
            Inclusivity and Diversity" (Refer to article 000036315 at
                        https://solvnetplus.synopsys.com)
Initializing...
# TCL script for Design Compiler
# Enable multicore functionality (caution: using this option may slow down optimization for smaller designs)
#set_host_options -max_cores 4
# Do not change this line
set top_level "FIFO"
FIFO
# Load common variables, artisan standard cells
source -verbose "../syn/common.syn.tcl"
/ids/kits/UMC28_Kit/v-logic_um28nchslogl30hdh140f/DesignWare_logic_libs/umc28nllh/30hd/hdh/svt/latest/liberty/ccs
/ids/tools/SYNOPSYS/syn/S-2021.06-SP4/
. /ids/kits/UMC28_Kit/v-logic_um28nchslogl30hdh140f/DesignWare_logic_libs/umc28nllh/30hd/hdh/svt/latest/liberty/ccs /ids/tools/SYNOPSYS/syn/S-2021.06-SP4//libraries/syn
* um28nchslogl30hdh140f_tt0p9v25c.db dw_foundation.sldb gtech.db standard.sldb
um28nchslogl30hdh140f_tt0p9v25c.db
# Set top level name
set dir_name "${top_level}"
FIFO
# Read verilog files
read_sverilog "../src/${top_level}.sv"
Loading db file '/ids/kits/UMC28_Kit/v-logic_um28nchslogl30hdh140f/DesignWare_logic_libs/umc28nllh/30hd/hdh/svt/latest/liberty/ccs/um28nchslogl30hdh140f_tt0p9v25c.db'
Information: Using CCS timing libraries. (TIM-024)
Loading db file '/ids/tools/SYNOPSYS/syn/S-2021.06-SP4/libraries/syn/dw_foundation.sldb'
Loading db file '/ids/tools/SYNOPSYS/syn/S-2021.06-SP4/libraries/syn/gtech.db'
Loading db file '/ids/tools/SYNOPSYS/syn/S-2021.06-SP4/libraries/syn/standard.sldb'
  Loading link library 'um28nchslogl30hdh140f_tt0p9v25c'
  Loading link library 'gtech'
Loading sverilog file '/home/hyukjun/Projects/MonoGS_HW/SLAM_Rasterizer/src/FIFO.sv'
Detecting input file type automatically (-rtl or -netlist).
Reading with Presto HDL Compiler (equivalent to -rtl option).
Running PRESTO HDLC
Compiling source file /home/hyukjun/Projects/MonoGS_HW/SLAM_Rasterizer/src/FIFO.sv

Inferred memory devices in process
	in routine FIFO line 31 in file
		'/home/hyukjun/Projects/MonoGS_HW/SLAM_Rasterizer/src/FIFO.sv'.
===============================================================================
|    Register Name    |   Type    | Width | Bus | MB | AR | AS | SR | SS | ST |
===============================================================================
|      data_reg       | Flip-flop | 12288 |  Y  | N  | N  | N  | N  | N  | N  |
|      full_reg       | Flip-flop |   1   |  N  | N  | N  | N  | N  | N  | N  |
|      empty_reg      | Flip-flop |   1   |  N  | N  | N  | N  | N  | N  | N  |
|  write_pointer_reg  | Flip-flop |   6   |  Y  | N  | N  | N  | N  | N  | N  |
|  read_pointer_reg   | Flip-flop |   6   |  Y  | N  | N  | N  | N  | N  | N  |
===============================================================================
Statistics for MUX_OPs
======================================================
| block name/line  | Inputs | Outputs | # sel inputs |
======================================================
|     FIFO/85      |   32   |   384   |      5       |
======================================================
Presto compilation completed successfully.
Current design is now '/home/hyukjun/Projects/MonoGS_HW/SLAM_Rasterizer/src/FIFO.db:FIFO'
Loaded 1 design.
Current design is 'FIFO'.
FIFO
# read_verilog "../src/skip_unit.v"
# read_verilog "../src/gradient_unit.v"
# read_verilog "../src/gradient_gaussians.v"
list_designs
FIFO (*)
1
current_design $top_level
Current design is 'FIFO'.
{FIFO}
# Clock period
set clk_period 1.25
1.25
# set clk_period [expr double($::env(clk_time))]
# clk_period (ns) 1 = 1G, 1.25 = 800M, 2.5 = 400M, 5 = 200M
set clk_uncertainty 0.1
0.1
set clk_transition 0.1
0.1
# Create real clock if clock port is found
if {[sizeof_collection [get_ports clk]] > 0} {
  set clk_name "clk"
  set clk_port "clk"
  #If no waveform is specified, 50% duty cycle is assumed
  create_clock -name $clk_name -period $clk_period [get_ports $clk_port] 
  set_drive 0 [get_clocks $clk_name] 
}
1
set_operating_conditions "TT0P9V25C" -library "um28nchslogl30hdh140f_tt0p9v25c" 
Using operating conditions 'TT0P9V25C' found in library 'um28nchslogl30hdh140f_tt0p9v25c'.
1
set_wire_load_selection_group "um28nchslogl30hdh140f" -library "um28nchslogl30hdh140f_tt0p9v25c" 
1
set min_input_delay 0.1
0.1
set max_input_delay 0.5
0.5
set typical_input_transition 0.1
0.1
set min_output_delay 0.1
0.1
set max_output_delay 0.5
0.5
set typical_output_load 0.010 
0.010
# Link the design
link

  Linking design 'FIFO'
  Using the following designs and libraries:
  --------------------------------------------------------------------------
  FIFO                        /home/hyukjun/Projects/MonoGS_HW/SLAM_Rasterizer/src/FIFO.db
  um28nchslogl30hdh140f_tt0p9v25c (library) /ids/kits/UMC28_Kit/v-logic_um28nchslogl30hdh140f/DesignWare_logic_libs/umc28nllh/30hd/hdh/svt/latest/liberty/ccs/um28nchslogl30hdh140f_tt0p9v25c.db
  dw_foundation.sldb (library) /ids/tools/SYNOPSYS/syn/S-2021.06-SP4/libraries/syn/dw_foundation.sldb

1
# Set maximum fanout of gates
set_max_fanout 16 $top_level 
1
# Configure the clock network
set_fix_hold [all_clocks] 
1
set_dont_touch_network $clk_port 
1
# Set delays and transitions
#set_driving_cell -lib_cell INVD32BWP12T50M1P [all_inputs]
set_input_transition $typical_input_transition [all_inputs]
1
set_input_delay $min_input_delay -min [all_inputs] -clock $clk_name 
1
set_input_delay $max_input_delay -max [all_inputs] -clock $clk_name 
1
remove_input_delay -clock $clk_name [find port $clk_port]
1
set_output_delay $min_output_delay -min [all_outputs] -clock $clk_name 
1
set_output_delay $max_output_delay -max [all_outputs] -clock $clk_name 
1
set_clock_uncertainty $clk_uncertainty [get_clocks $clk_name]
1
#Propagated clock used for gated clocks only
#set_propagated_clock [get_clocks $clk_name]
set_clock_transition $clk_transition [get_clocks $clk_name]
1
# Set max delay for async reset path
#set_max_delay [expr $clk_period/2] -from reset
# Set loading of outputs 
set_load $typical_output_load [all_outputs] 
1
# Verify the design
check_design
 
****************************************
check_design summary:
Version:     S-2021.06-SP4
Date:        Mon Oct 21 13:42:04 2024
****************************************

                   Name                                            Total
--------------------------------------------------------------------------------
Cells                                                               2
    Cells do not drive (LINT-1)                                     2
--------------------------------------------------------------------------------

Warning: In design 'FIFO', cell 'B_11' does not drive any nets. (LINT-1)
Warning: In design 'FIFO', cell 'B_12' does not drive any nets. (LINT-1)
1
# Enable pipelined-logic retiming
set_optimize_registers -designs $top_level
1
# Synthesize the design with adaptive retiming
compile_ultra -retime -no_autoungroup
Information: Performing power optimization. (PWR-850)
Analyzing: "/ids/kits/UMC28_Kit/v-logic_um28nchslogl30hdh140f/DesignWare_logic_libs/umc28nllh/30hd/hdh/svt/latest/liberty/ccs/um28nchslogl30hdh140f_tt0p9v25c.db"
Library analysis succeeded.
Information: Evaluating DesignWare library utilization. (UISN-27)

============================================================================
| DesignWare Building Block Library  |         Version         | Available |
============================================================================
| Basic DW Building Blocks           | S-2021.06-DWBB_202106.4 |     *     |
| Licensed DW Building Blocks        | S-2021.06-DWBB_202106.4 |     *     |
============================================================================

============================================================================
| Flow Information                                                         |
----------------------------------------------------------------------------
| Flow         | Design Compiler WLM                                       |
============================================================================
| Design Information                                      | Value          |
============================================================================
| Number of Scenarios                                     | 0              |
| Leaf Cell Count                                         | 12391          |
| Number of User Hierarchies                              | 0              |
| Sequential Cell Count                                   | 12302          |
| Macro Count                                             | 0              |
| Number of Power Domains                                 | 0              |
| Design with UPF Data                                    | false          |
============================================================================
Information: Sequential output inversion is enabled.  SVF file must be used for formal verification. (OPT-1208)
Information: Retiming is enabled. SVF file must be used for formal verification. (OPT-1210)

Information: There are 2 potential problems in your design. Please run 'check_design' for more information. (LINT-99)

  Simplifying Design 'FIFO'

Loaded alib file './alib-52/um28nchslogl30hdh140f_tt0p9v25c.db.alib'
Information: State dependent leakage is now switched from on to off.

  Beginning Pass 1 Mapping
  ------------------------
  Processing 'FIFO'
Warning: Target library does not contain any 2-1 multiplexor. (OPT-853)
Information: Added key list 'DesignWare' to design 'FIFO'. (DDB-72)
 Implement Synthetic for 'FIFO'.

  Updating timing information
Information: Updating design information... (UID-85)

Threshold voltage group cell usage:
>> SVT30 31.97%, undefined 68.03%

  Beginning Mapping Optimizations  (Ultra High effort)
  -------------------------------
Information: Checking pipeline property of design FIFO. (RTDC-137)
Information: Pipeline detection aborted. Reason: cell read_pointer_reg[5] is on a feedback loop. (RTDC-138)
Information: Aborted pipeline detection on design FIFO. (RTDC-140)
Information: Checkpoint guidance is generated in the .svf file. (INFO-122)
Warning: Retiming is likely to run for an extended
	period of time due to the large design size. (RTDC-135)
  Retiming FIFO (top)
  Preferred flip-flop is SEN_FSDPQO_F4_12 with setup = 0.02


  Retiming base-clock clk, rising edge.
  Beginning minimum period retiming ...
  ... minimum period retiming done.
  Beginning minimum area retiming step 1 ...
  ... minimum area retiming step 1 done.
  Beginning minimum area retiming step 2 ...
  5% 10% 15% 20% 25% 30% 35% 40% 45% 50% 55% 60% 65% 70% 75% 80% 85% 90% 95% 100% 
  ... minimum area retiming step 2 done.
  Beginning minimum area retiming step 3 ...
  10% 20% 30% 40% 50% 60% 70% ... 100% 
  ... minimum area retiming step 3 done.
  Beginning final register move ...
  ... final register move done.
Registers not moved

                                  TOTAL                                                            
   ELAPSED            WORST NEG   SETUP    DESIGN                              LEAKAGE   MIN DELAY 
    TIME      AREA      SLACK     COST    RULE COST         ENDPOINT            POWER      COST    
  --------- --------- --------- --------- --------- ------------------------- --------- -----------
    0:01:19   58714.7      0.57    6450.7   41810.3                           405768.4375      0.00  
    0:01:22   58657.5      0.57    6450.7   41809.3                           405502.4375      0.00  

Threshold voltage group cell usage:
>> SVT30 100.00%

  Beginning Constant Register Removal
  -----------------------------------

Threshold voltage group cell usage:
>> SVT30 100.00%

  Beginning Global Optimizations
  ------------------------------
  Numerical Synthesis (Phase 1)
  Numerical Synthesis (Phase 2)
  Global Optimization (Phase 1)
  Global Optimization (Phase 2)
  Global Optimization (Phase 3)
  Global Optimization (Phase 4)
  Global Optimization (Phase 5)
  Global Optimization (Phase 6)
  Global Optimization (Phase 7)
  Global Optimization (Phase 8)
  Global Optimization (Phase 9)
  Global Optimization (Phase 10)
  Global Optimization (Phase 11)
  Global Optimization (Phase 12)
  Global Optimization (Phase 13)
  Global Optimization (Phase 14)
  Global Optimization (Phase 15)
  Global Optimization (Phase 16)
  Global Optimization (Phase 17)
  Global Optimization (Phase 18)
  Global Optimization (Phase 19)
  Global Optimization (Phase 20)
  Global Optimization (Phase 21)
  Global Optimization (Phase 22)
  Global Optimization (Phase 23)
  Global Optimization (Phase 24)
  Global Optimization (Phase 25)
  Global Optimization (Phase 26)
  Global Optimization (Phase 27)
  Global Optimization (Phase 28)
  Global Optimization (Phase 29)
  Global Optimization (Phase 30)
  Global Optimization (Phase 31)
  Global Optimization (Phase 32)
  Global Optimization (Phase 33)

Threshold voltage group cell usage:
>> SVT30 100.00%

  Beginning Isolate Ports
  -----------------------

Threshold voltage group cell usage:
>> SVT30 100.00%

  Beginning Delay Optimization
  ----------------------------
    0:02:02   46517.2      0.00       0.0       0.0                           147118.3906      0.00  
    0:02:02   46517.2      0.00       0.0       0.0                           147118.3906      0.00  
    0:02:02   46517.2      0.00       0.0       0.0                           147118.3906      0.00  
    0:02:02   46517.2      0.00       0.0       0.0                           147118.3906      0.00  

Threshold voltage group cell usage:
>> SVT30 100.00%
    0:02:05   46517.2      0.00       0.0       0.0                           147118.3906      0.00  
    0:02:06   46517.2      0.00       0.0       0.0                           147118.3906      0.00  

  Beginning WLM Backend Optimization
  --------------------------------------
    0:02:11   46516.8      0.00       0.0       0.0                           147102.6406      0.00  
    0:02:18   46468.8      0.00       0.0       0.0                           146371.0312      0.00  
    0:02:27   46456.8      0.00       0.0       0.0                           146327.6406      0.00  
    0:02:27   46456.8      0.00       0.0       0.0                           146327.6406      0.00  
    0:02:28   46456.8      0.00       0.0       0.0                           146327.6406      0.00  
    0:02:33   46391.3      0.00       0.0       0.0                           139830.2812      0.00  
    0:02:34   46391.3      0.00       0.0       0.0                           139830.2812      0.00  
    0:02:34   46391.3      0.00       0.0       0.0                           139830.2812      0.00  
    0:02:34   46391.3      0.00       0.0       0.0                           139830.2812      0.00  
    0:02:34   46391.3      0.00       0.0       0.0                           139830.2812      0.00  
    0:02:34   46391.3      0.00       0.0       0.0                           139830.2812      0.00  
    0:02:34   46391.3      0.00       0.0       0.0                           139830.2812      0.00  
    0:02:34   46391.3      0.00       0.0       0.0                           139830.2812      0.00  
    0:02:34   46391.3      0.00       0.0       0.0                           139830.2812      0.00  
    0:02:34   46391.3      0.00       0.0       0.0                           139830.2812      0.00  
    0:02:34   46391.3      0.00       0.0       0.0                           139830.2812      0.00  
    0:02:34   46391.3      0.00       0.0       0.0                           139830.2812      0.00  
    0:02:34   46391.3      0.00       0.0       0.0                           139830.2812      0.00  
    0:02:34   46391.3      0.00       0.0       0.0                           139830.2812      0.00  
    0:02:34   46391.3      0.00       0.0       0.0                           139830.2812      0.00  
    0:02:34   46391.3      0.00       0.0       0.0                           139830.2812      0.00  
    0:02:34   46391.3      0.00       0.0       0.0                           139830.2812      0.00  
    0:02:34   46391.3      0.00       0.0       0.0                           139830.2812      0.00  
    0:02:34   46391.3      0.00       0.0       0.0                           139830.2812      0.00  
    0:02:34   46391.3      0.00       0.0       0.0                           139830.2812      0.00  
    0:02:34   46391.3      0.00       0.0       0.0                           139830.2812      0.00  

Threshold voltage group cell usage:
>> SVT30 100.00%


  Beginning Leakage Power Optimization  (max_leakage_power 0)
  ------------------------------------

                                  TOTAL                                                            
   ELAPSED            WORST NEG   SETUP    DESIGN                              LEAKAGE   MIN DELAY 
    TIME      AREA      SLACK     COST    RULE COST         ENDPOINT            POWER      COST    
  --------- --------- --------- --------- --------- ------------------------- --------- -----------
    0:02:34   46391.3      0.00       0.0       0.0                           139830.2812      0.00  
  Global Optimization (Phase 34)
  Global Optimization (Phase 35)
  Global Optimization (Phase 36)
  Global Optimization (Phase 37)
  Global Optimization (Phase 38)
  Global Optimization (Phase 39)
  Global Optimization (Phase 40)
  Global Optimization (Phase 41)
  Global Optimization (Phase 42)
  Global Optimization (Phase 43)
  Global Optimization (Phase 44)
  Global Optimization (Phase 45)
    0:02:44   46425.1      0.00       0.0       0.0                           136378.6406      0.00  
    0:02:44   46425.1      0.00       0.0       0.0                           136378.6406      0.00  
    0:02:44   46425.1      0.00       0.0       0.0                           136378.6406      0.00  
    0:02:48   46222.7      0.00       0.0       0.0                           137290.3906      0.00  
    0:02:48   46222.7      0.00       0.0       0.0                           137290.3906      0.00  
    0:02:48   46222.7      0.00       0.0       0.0                           137290.3906      0.00  
    0:02:48   46222.7      0.00       0.0       0.0                           137290.3906      0.00  
    0:02:48   46222.7      0.00       0.0       0.0                           137290.3906      0.00  
    0:02:48   46222.7      0.00       0.0       0.0                           137290.3906      0.00  
    0:02:48   46222.7      0.00       0.0       0.0                           137290.3906      0.00  
    0:02:48   46222.7      0.00       0.0       0.0                           137290.3906      0.00  
    0:02:48   46222.7      0.00       0.0       0.0                           137290.3906      0.00  
    0:02:48   46222.7      0.00       0.0       0.0                           137290.3906      0.00  
    0:02:48   46222.7      0.00       0.0       0.0                           137290.3906      0.00  
    0:02:48   46222.7      0.00       0.0       0.0                           137290.3906      0.00  
    0:02:48   46222.7      0.00       0.0       0.0                           137290.3906      0.00  
    0:02:48   46222.7      0.00       0.0       0.0                           137290.3906      0.00  
    0:02:48   46222.7      0.00       0.0       0.0                           137290.3906      0.00  
    0:02:48   46222.7      0.00       0.0       0.0                           137290.3906      0.00  
    0:02:48   46222.7      0.00       0.0       0.0                           137290.3906      0.00  
    0:02:48   46222.7      0.00       0.0       0.0                           137290.3906      0.00  
    0:02:48   46222.7      0.00       0.0       0.0                           137290.3906      0.00  

                                  TOTAL                                                            
   ELAPSED            WORST NEG   SETUP    DESIGN                              LEAKAGE   MIN DELAY 
    TIME      AREA      SLACK     COST    RULE COST         ENDPOINT            POWER      COST    
  --------- --------- --------- --------- --------- ------------------------- --------- -----------
    0:02:49   46222.7      0.00       0.0       0.0                           137290.3906      0.00  
    0:02:53   46222.7      0.00       0.0       0.0                           137288.5000      0.00  
    0:02:53   46222.7      0.00       0.0       0.0                           137288.5000      0.00  
    0:02:53   46222.7      0.00       0.0       0.0                           137288.5000      0.00  
    0:02:56   46222.7      0.00       0.0       0.0                           137288.5000      0.00  
    0:03:10   46223.0      0.00       0.0       0.0                           137287.3594      0.00  
    0:03:11   46258.0      0.00       0.0       0.0                           137129.3125      0.00  
    0:03:11   46258.0      0.00       0.0       0.0                           137129.3125      0.00  
    0:03:11   46258.0      0.00       0.0       0.0                           137129.3125      0.00  
    0:03:11   46258.0      0.00       0.0       0.0                           137129.3125      0.00  
    0:03:11   46258.0      0.00       0.0       0.0                           137129.3125      0.00  
    0:03:11   46258.0      0.00       0.0       0.0                           137129.3125      0.00  
Loading db file '/ids/kits/UMC28_Kit/v-logic_um28nchslogl30hdh140f/DesignWare_logic_libs/umc28nllh/30hd/hdh/svt/latest/liberty/ccs/um28nchslogl30hdh140f_tt0p9v25c.db'


Note: Symbol # after min delay cost means estimated hold TNS across all active scenarios 


  Optimization Complete
  ---------------------
Warning: Design 'FIFO' contains 1 high-fanout nets. A fanout number of 1000 will be used for delay calculations involving these nets. (TIM-134)
     Net 'clk': 12302 load(s), 1 driver(s)
Information: State dependent leakage is now switched from off to on.
Information: Propagating switching activity (low effort zero delay simulation). (PWR-6)
1
# Rename modules, signals according to the naming rules Used for tool exchange
source -verbose "./naming_rules.syn.tcl"
Error: could not open script file "./naming_rules.syn.tcl" (CMD-015)
# Generate structural verilog netlist
write -hierarchy -format verilog -output "${top_level}.syn.v"
Writing verilog file '/home/hyukjun/Projects/MonoGS_HW/SLAM_Rasterizer/output/FIFO.syn.v'.
1
# Generate Standard Delay Format (SDF) file
write_sdf -context verilog "${top_level}.syn.sdf"
Information: Annotated 'cell' delays are assumed to include load delay. (UID-282)
Information: Writing timing information to file '/home/hyukjun/Projects/MonoGS_HW/SLAM_Rasterizer/output/FIFO.syn.sdf'. (WT-3)
Information: Updating design information... (UID-85)
Warning: Design 'FIFO' contains 1 high-fanout nets. A fanout number of 1000 will be used for delay calculations involving these nets. (TIM-134)
1
# Generate timing constraints file
write_sdc "${top_level}.syn.sdc"
1
# Generate report file
set maxpaths 20
20
set rpt_file "${top_level}.syn.rpt"
FIFO.syn.rpt
check_design > $rpt_file
report_area  >> ${rpt_file}
report_power -hier -analysis_effort medium >> ${rpt_file}
report_design >> ${rpt_file}
report_cell >> ${rpt_file}
report_port -verbose >> ${rpt_file}
report_compile_options >> ${rpt_file}
report_constraint -all_violators -verbose >> ${rpt_file}
report_timing -path full -delay max -max_paths $maxpaths -nworst 100 >> ${rpt_file}
report_qor >> ${rpt_file}
# Exit dc_shell
quit

Memory usage for this session 1911 Mbytes.
Memory usage for this session including child processes 1911 Mbytes.
CPU usage for this session 306 seconds ( 0.09 hours ).
Elapsed time for this session 311 seconds ( 0.09 hours ).

Thank you...
