*design* DebussyLib (btIdent Verdi_V-2023.12)
Command arguments:  -lib  /home/hyukjun/Projects/MonoGS_HW/SLAM_Rasterizer/output/simv.daidir/work  -saveLevel  -elab  /home/hyukjun/Projects/MonoGS_HW/SLAM_Rasterizer/output/simv.daidir/kdb  -simflow  -simdir  /home/hyukjun/Projects/MonoGS_HW/SLAM_Rasterizer/output/simv.daidir/kdb_libs  -topfile  /home/hyukjun/Projects/MonoGS_HW/SLAM_Rasterizer/output/simv.daidir/.elabcomTopFile  -ssv  -ssy  -Lf  work  +disable_message+C00380+C00381  +disable_message+C00388+C00389  -SNPS_ELABCOM  -saveElab 

*Warning* too many instance parameter in instance 'gdx_maker'
"../src/total_gradient.v", 173: 

*Warning* too many instance parameter in instance 'gdy_maker'
"../src/total_gradient.v", 177: 

*Warning* too many instance parameter in instance 'd_x_gdx_maker'
"../src/total_gradient.v", 238: 

*Warning* too many instance parameter in instance 'd_y_gdx_maker'
"../src/total_gradient.v", 241: 

*Warning* too many instance parameter in instance 'd_y_gdy_maker'
"../src/total_gradient.v", 244: 

*Warning* too many instance parameter in instance 'dL_dch_dcolor'
"../src/total_gradient.v", 255: 

*Warning* too many instance parameter in instance 'dG_dx_maker'
"../src/total_gradient.v", 273: 

*Warning* too many instance parameter in instance 'dG_dy_maker'
"../src/total_gradient.v", 277: 

*Warning* too many instance parameter in instance 'dL_dcolor_temp_R'
"../src/total_gradient.v", 307: 

*Warning* too many instance parameter in instance 'dL_dcolor_temp_G'
"../src/total_gradient.v", 310: 

*Warning* too many instance parameter in instance 'dL_dcolor_temp_B'
"../src/total_gradient.v", 313: 

*Warning* too many instance parameter in instance 'dL_ddepth_maker'
"../src/total_gradient.v", 318: 

*Warning* too many instance parameter in instance 'dL_dalpha_maker_from_T'
"../src/total_gradient.v", 329: 

*Warning* too many instance parameter in instance 'dL_dG_maker'
"../src/total_gradient.v", 340: 

*Warning* too many instance parameter in instance 'dL_dopacity_maker'
"../src/total_gradient.v", 344: 

*Warning* too many instance parameter in instance 'dL_dmean2D_x_maker'
"../src/total_gradient.v", 353: 

*Warning* too many instance parameter in instance 'dL_dmean2D_y_maker'
"../src/total_gradient.v", 357: 

*Warning* too many instance parameter in instance 'dL_dconic_x_maker'
"../src/total_gradient.v", 362: 

*Warning* too many instance parameter in instance 'dL_dconic_y_maker'
"../src/total_gradient.v", 366: 

*Warning* too many instance parameter in instance 'dL_dconic_w_maker'
"../src/total_gradient.v", 370: 

*Warning* too many instance parameter in instance 'T_temp_maker'
"../src/total_gradient.v", 200: 
Total	0 error(s),   21 warning(s)
